Archive member included to satisfy reference by file (symbol)

app/libapp.a(main.cpp.obj)    (--whole-archive)
zephyr/libzephyr.a(validate_libc.c.obj)
                              (--whole-archive)
zephyr/libzephyr.a(heap.c.obj)
                              (--whole-archive)
zephyr/libzephyr.a(boot_banner.c.obj)
                              (--whole-archive)
zephyr/libzephyr.a(cbprintf_packaged.c.obj)
                              (--whole-archive)
zephyr/libzephyr.a(clock.c.obj)
                              (--whole-archive)
zephyr/libzephyr.a(printk.c.obj)
                              (--whole-archive)
zephyr/libzephyr.a(cbprintf_complete.c.obj)
                              (--whole-archive)
zephyr/libzephyr.a(assert.c.obj)
                              (--whole-archive)
zephyr/libzephyr.a(mpsc_pbuf.c.obj)
                              (--whole-archive)
zephyr/libzephyr.a(dec.c.obj)
                              (--whole-archive)
zephyr/libzephyr.a(hex.c.obj)
                              (--whole-archive)
zephyr/libzephyr.a(rb.c.obj)  (--whole-archive)
zephyr/libzephyr.a(set.c.obj)
                              (--whole-archive)
zephyr/libzephyr.a(timeutil.c.obj)
                              (--whole-archive)
zephyr/libzephyr.a(bitarray.c.obj)
                              (--whole-archive)
zephyr/libzephyr.a(bitmask.c.obj)
                              (--whole-archive)
zephyr/libzephyr.a(getopt.c.obj)
                              (--whole-archive)
zephyr/libzephyr.a(getopt_common.c.obj)
                              (--whole-archive)
zephyr/libzephyr.a(ring_buffer.c.obj)
                              (--whole-archive)
zephyr/libzephyr.a(last_section_id.c.obj)
                              (--whole-archive)
zephyr/libzephyr.a(configs.c.obj)
                              (--whole-archive)
zephyr/libzephyr.a(stm32cube_hal.c.obj)
                              (--whole-archive)
zephyr/libzephyr.a(soc_config.c.obj)
                              (--whole-archive)
zephyr/libzephyr.a(gpioport_mgr.c.obj)
                              (--whole-archive)
zephyr/libzephyr.a(stm32_backup_domain.c.obj)
                              (--whole-archive)
zephyr/libzephyr.a(soc.c.obj)
                              (--whole-archive)
zephyr/libzephyr.a(log_core.c.obj)
                              (--whole-archive)
zephyr/libzephyr.a(log_mgmt.c.obj)
                              (--whole-archive)
zephyr/libzephyr.a(log_cache.c.obj)
                              (--whole-archive)
zephyr/libzephyr.a(log_msg.c.obj)
                              (--whole-archive)
zephyr/libzephyr.a(log_output.c.obj)
                              (--whole-archive)
zephyr/libzephyr.a(log_backend_uart.c.obj)
                              (--whole-archive)
zephyr/libzephyr.a(tracing_none.c.obj)
                              (--whole-archive)
zephyr/libzephyr.a(sem.c.obj)
                              (--whole-archive)
zephyr/libzephyr.a(thread_entry.c.obj)
                              (--whole-archive)
zephyr/arch/common/libarch__common.a(sw_isr_common.c.obj)
                              (--whole-archive)
zephyr/arch/common/libarch__common.a(init.c.obj)
                              (--whole-archive)
zephyr/arch/common/libarch__common.a(xip.c.obj)
                              (--whole-archive)
zephyr/arch/common/libarch__common.a(instr_mem.c.obj)
                              (--whole-archive)
zephyr/arch/arch/arm/core/libarch__arm__core.a(fatal.c.obj)
                              (--whole-archive)
zephyr/arch/arch/arm/core/libarch__arm__core.a(nmi.c.obj)
                              (--whole-archive)
zephyr/arch/arch/arm/core/libarch__arm__core.a(nmi_on_reset.S.obj)
                              (--whole-archive)
zephyr/arch/arch/arm/core/libarch__arm__core.a(tls.c.obj)
                              (--whole-archive)
zephyr/arch/arch/arm/core/cortex_m/libarch__arm__core__cortex_m.a(fault.c.obj)
                              (--whole-archive)
zephyr/arch/arch/arm/core/cortex_m/libarch__arm__core__cortex_m.a(fault_s.S.obj)
                              (--whole-archive)
zephyr/arch/arch/arm/core/cortex_m/libarch__arm__core__cortex_m.a(fpu.c.obj)
                              (--whole-archive)
zephyr/arch/arch/arm/core/cortex_m/libarch__arm__core__cortex_m.a(reset.S.obj)
                              (--whole-archive)
zephyr/arch/arch/arm/core/cortex_m/libarch__arm__core__cortex_m.a(scb.c.obj)
                              (--whole-archive)
zephyr/arch/arch/arm/core/cortex_m/libarch__arm__core__cortex_m.a(vector_table.S.obj)
                              (--whole-archive)
zephyr/arch/arch/arm/core/cortex_m/libarch__arm__core__cortex_m.a(svc.S.obj)
                              (--whole-archive)
zephyr/arch/arch/arm/core/cortex_m/libarch__arm__core__cortex_m.a(irq_manage.c.obj)
                              (--whole-archive)
zephyr/arch/arch/arm/core/cortex_m/libarch__arm__core__cortex_m.a(prep_c.c.obj)
[...]
Memory Configuration

Name             Origin             Length             Attributes
FLASH            0x08000000         0x00010000         xr
RAM              0x20000000         0x00005000         xw
SRAM0            0x20000000         0x00005000         rw
IDT_LIST         0xffff7fff         0x00008000         xw
*default*        0x00000000         0xffffffff

Linker script and memory map

                0x08003820                        vfprintf = __l_vfprintf
                0x00000000                        vfscanf = __l_vfscanf
LOAD zephyr/CMakeFiles/zephyr_final.dir/misc/empty_file.c.obj
LOAD zephyr/CMakeFiles/zephyr_final.dir/isr_tables.c.obj
LOAD zephyr/CMakeFiles/offsets.dir/./arch/arm/core/offsets/offsets.c.obj
LOAD app/libapp.a
LOAD zephyr/libzephyr.a
LOAD zephyr/arch/common/libarch__common.a
LOAD zephyr/arch/arch/arm/core/libarch__arm__core.a
LOAD zephyr/arch/arch/arm/core/cortex_m/libarch__arm__core__cortex_m.a
LOAD zephyr/lib/libc/picolibc/liblib__libc__picolibc.a
LOAD zephyr/lib/libc/common/liblib__libc__common.a
LOAD zephyr/subsys/portability/posix/c_lib_ext/libsubsys__portability__posix__c_lib_ext.a
LOAD zephyr/drivers/interrupt_controller/libdrivers__interrupt_controller.a
LOAD zephyr/drivers/clock_control/libdrivers__clock_control.a
LOAD zephyr/drivers/console/libdrivers__console.a
LOAD zephyr/drivers/gpio/libdrivers__gpio.a
LOAD zephyr/drivers/pinctrl/libdrivers__pinctrl.a
LOAD zephyr/drivers/reset/libdrivers__reset.a
LOAD zephyr/drivers/serial/libdrivers__serial.a
LOAD zephyr/drivers/timer/libdrivers__timer.a
LOAD modules/hal_stm32/stm32cube/lib..__modules__hal__stm32__stm32cube.a
LOAD zephyr/kernel/libkernel.a
LOAD zephyr/arch/common/libisr_tables.a
LOAD /home/motaha/zephyr-sdk-1.0.1/gnu/arm-zephyr-eabi/bin/../lib/gcc/arm-zephyr-eabi/14.3.0/../../../../arm-zephyr-eabi/lib/thumb/v7-m/nofp/space/libc.a
LOAD /home/motaha/zephyr-sdk-1.0.1/gnu/arm-zephyr-eabi/bin/../lib/gcc/arm-zephyr-eabi/14.3.0/thumb/v7-m/nofp/space/libgcc.a
                0x00000004                        _region_min_align = 0x4

.rel.plt        0x08000000        0x0
 *(SORT_BY_ALIGNMENT(.rel.plt))
                [!provide]                        PROVIDE (__rel_iplt_start = .)
 *(SORT_BY_ALIGNMENT(.rel.iplt))
 .rel.iplt      0x08000000        0x0 zephyr/CMakeFiles/zephyr_final.dir/isr_tables.c.obj
                [!provide]                        PROVIDE (__rel_iplt_end = .)

.rela.plt       0x00000000        0x0
 *(SORT_BY_ALIGNMENT(.rela.plt))
                [!provide]                        PROVIDE (__rela_iplt_start = .)
 *(SORT_BY_ALIGNMENT(.rela.iplt))
                [!provide]                        PROVIDE (__rela_iplt_end = .)

.rel.dyn
 *(SORT_BY_ALIGNMENT(.rel.*))

.rela.dyn
 *(SORT_BY_ALIGNMENT(.rela.*))

/DISCARD/
 *(SORT_BY_ALIGNMENT(.plt))

/DISCARD/
 *(SORT_BY_ALIGNMENT(.iplt))
                0x08000000                        __rom_region_start = 0x8000000

rom_start       0x08000000       0xe4
                0x08000000                        __rom_start_address = .
 FILL mask 0x00
                0x08000000                        . = (. + (0x0 - (. - __rom_start_address)))
                0x08000000                        . = ALIGN (0x4)
                0x08000000                        . = ALIGN (0x80)
                0x08000000                        . = ALIGN (0x100)
                0x08000000                        _vector_start = .
 *(SORT_BY_ALIGNMENT(.exc_vector_table))
 *(SORT_BY_ALIGNMENT(.exc_vector_table.*))
 .exc_vector_table._vector_table_section
                0x08000000       0x40 zephyr/arch/arch/arm/core/cortex_m/libarch__arm__core__cortex_m.a(vector_table.S.obj)
                0x08000000                _vector_table
 *(SORT_BY_ALIGNMENT(.vectors))
                0x080000e4                        _vector_end = .
                0x08000040                        . = ALIGN (0x4)
 *(SORT_BY_ALIGNMENT(.gnu.linkonce.irq_vector_table*))
 .gnu.linkonce.irq_vector_table
                0x08000040       0xa4 zephyr/CMakeFiles/zephyr_final.dir/isr_tables.c.obj
                0x08000040                _irq_vector_table
                0x080000e4                        _vector_end = .

text            0x080000e4     0x5190
                0x080000e4                        __text_region_start = .
 *(SORT_BY_ALIGNMENT(.text))
 .text          0x080000e4       0x30 /home/motaha/zephyr-sdk-1.0.1/gnu/arm-zephyr-eabi/bin/../lib/gcc/arm-zephyr-eabi/14.3.0/thumb/v7-m/nofp/space/libgcc.a(_aeabi_uldivmod.o)
                0x080000e4                __aeabi_uldivmod
 .text          0x08000114        0x4 /home/motaha/zephyr-sdk-1.0.1/gnu/arm-zephyr-eabi/bin/../lib/gcc/arm-zephyr-eabi/14.3.0/thumb/v7-m/nofp/space/libgcc.a(_dvmd_tls.o)
                0x08000114                __aeabi_ldiv0
                0x08000114                __aeabi_idiv0
 .text          0x08000118       0x10 /home/motaha/zephyr-sdk-1.0.1/gnu/arm-zephyr-eabi/bin/../lib/gcc/arm-zephyr-eabi/14.3.0/../../../../arm-zephyr-eabi/lib/thumb/v7-m/nofp/space/libc.a(strlen.S.o)
                0x08000118                strlen
 .text          0x08000128      0x2bc /home/motaha/zephyr-sdk-1.0.1/gnu/arm-zephyr-eabi/bin/../lib/gcc/arm-zephyr-eabi/14.3.0/thumb/v7-m/nofp/space/libgcc.a(_udivmoddi4.o)
                0x08000128                __udivmoddi4
 *(SORT_BY_ALIGNMENT(.text.*))
 .text.main     0x080003e4       0xb0 app/libapp.a(main.cpp.obj)
                0x080003e4                main
 .text.boot_banner
                0x08000494       0x10 zephyr/libzephyr.a(boot_banner.c.obj)
 .text.linker_is_in_rodata
                0x080004a4       0x54 zephyr/libzephyr.a(cbprintf_packaged.c.obj)
 .text.cbprintf_package_convert
                0x080004f8      0x3cc zephyr/libzephyr.a(cbprintf_packaged.c.obj)
                0x080004f8                cbprintf_package_convert
 .text.__printk_hook_install
                0x080008c4        0xc zephyr/libzephyr.a(printk.c.obj)
                0x080008c4                __printk_hook_install
 .text.st_stm32_common_config
                0x080008d0       0x24 zephyr/libzephyr.a(soc_config.c.obj)
 .text.stm32_gpioport_init
                0x080008f4       0x20 zephyr/libzephyr.a(gpioport_mgr.c.obj)
 .text.stm32_gpioport_get
                0x08000914       0x24 zephyr/libzephyr.a(gpioport_mgr.c.obj)
                0x08000914                stm32_gpioport_get
 .text.soc_early_init_hook
                0x08000938       0x20 zephyr/libzephyr.a(soc.c.obj)
                0x08000938                soc_early_init_hook
 .text.activate_foreach_backend
                0x08000958       0x60 zephyr/libzephyr.a(log_core.c.obj)
 .text.enable_logger
                0x080009b8       0x58 zephyr/libzephyr.a(log_core.c.obj)
 .text.log_process_thread_timer_expiry_fn
                0x08000a10        0xc zephyr/libzephyr.a(log_core.c.obj)
 .text.z_log_init
                0x08000a1c       0x94 zephyr/libzephyr.a(log_core.c.obj)
 .text.log_format_func_t_get
                0x08000ab0        0xc zephyr/libzephyr.a(log_core.c.obj)
                0x08000ab0                log_format_func_t_get
 .text.log_set_timestamp_func
                0x08000abc       0x20 zephyr/libzephyr.a(log_core.c.obj)
                0x08000abc                log_set_timestamp_func
 .text.z_log_notify_backend_enabled
                0x08000adc       0x1c zephyr/libzephyr.a(log_core.c.obj)
                0x08000adc                z_log_notify_backend_enabled
 .text.z_log_dropped
                0x08000af8       0x44 zephyr/libzephyr.a(log_core.c.obj)
                0x08000af8                z_log_dropped
 .text.z_log_dropped_read_and_clear
                0x08000b3c       0x20 zephyr/libzephyr.a(log_core.c.obj)
                0x08000b3c                z_log_dropped_read_and_clear
 .text.dropped_notify
                0x08000b5c       0x30 zephyr/libzephyr.a(log_core.c.obj)
                0x08000b5c                dropped_notify
 .text.z_log_msg_init
                0x08000b8c       0x20 zephyr/libzephyr.a(log_core.c.obj)
                0x08000b8c                z_log_msg_init
 .text.log_core_init
                0x08000bac       0x50 zephyr/libzephyr.a(log_core.c.obj)
                0x08000bac                log_core_init
 .text.z_log_msg_alloc
                0x08000bfc       0x10 zephyr/libzephyr.a(log_core.c.obj)
                0x08000bfc                z_log_msg_alloc
 .text.z_log_msg_local_claim
                0x08000c0c        0xc zephyr/libzephyr.a(log_core.c.obj)
                0x08000c0c                z_log_msg_local_claim
 .text.z_log_msg_free
                0x08000c18       0x10 zephyr/libzephyr.a(log_core.c.obj)
                0x08000c18                z_log_msg_free
 .text.z_log_msg_pending
                0x08000c28        0xc zephyr/libzephyr.a(log_core.c.obj)
                0x08000c28                z_log_msg_pending
 .text.z_impl_log_process
                0x08000c34       0xb8 zephyr/libzephyr.a(log_core.c.obj)
                0x08000c34                z_impl_log_process
 .text.z_impl_log_panic
                0x08000cec       0x44 zephyr/libzephyr.a(log_core.c.obj)
                0x08000cec                z_impl_log_panic
 .text.log_process_thread_func
                0x08000d30       0xa0 zephyr/libzephyr.a(log_core.c.obj)
 .text.z_log_msg_post_finalize
                0x08000dd0       0x78 zephyr/libzephyr.a(log_core.c.obj)
 .text.z_log_msg_commit
                0x08000e48       0x24 zephyr/libzephyr.a(log_core.c.obj)
                0x08000e48                z_log_msg_commit
 .text.log_source_name_get
                0x08000e6c       0x1c zephyr/libzephyr.a(log_mgmt.c.obj)
                0x08000e6c                log_source_name_get
 .text.z_impl_z_log_msg_static_create
                0x08000e88      0x100 zephyr/libzephyr.a(log_msg.c.obj)
                0x08000e88                z_impl_z_log_msg_static_create
 .text.z_log_msg_runtime_vcreate
                0x08000f88       0xa4 zephyr/libzephyr.a(log_msg.c.obj)
                0x08000f88                z_log_msg_runtime_vcreate
 .text.log_msg_get_source_id
                0x0800102c       0x18 zephyr/libzephyr.a(log_msg.c.obj)
                0x0800102c                log_msg_get_source_id
 .text.print_formatted
                0x08001044       0x24 zephyr/libzephyr.a(log_output.c.obj)
 .text.newline_print
                0x08001068       0x1c zephyr/libzephyr.a(log_output.c.obj)
 .text.log_output_process
                0x08001084      0x290 zephyr/libzephyr.a(log_output.c.obj)
                0x08001084                log_output_process
 .text.log_output_dropped_process
                0x08001314       0x58 zephyr/libzephyr.a(log_output.c.obj)
                0x08001314                log_output_dropped_process
 .text.log_output_timestamp_freq_set
                0x0800136c       0x2c zephyr/libzephyr.a(log_output.c.obj)
                0x0800136c                log_output_timestamp_freq_set
 .text.char_out
                0x08001398       0x24 zephyr/libzephyr.a(log_backend_uart.c.obj)
 .text.z_thread_entry
                0x080013bc       0x34 zephyr/libzephyr.a(thread_entry.c.obj)
                0x080013bc                z_thread_entry
 .text.arch_bss_zero
                0x080013f0       0x18 zephyr/arch/common/libarch__common.a(init.c.obj)
                0x080013f0                arch_bss_zero
 .text.arch_data_copy
                0x08001408       0x38 zephyr/arch/common/libarch__common.a(xip.c.obj)
                0x08001408                arch_data_copy
 .text.z_arm_fatal_error
                0x08001440       0xb4 zephyr/arch/arch/arm/core/libarch__arm__core.a(fatal.c.obj)
                0x08001440                z_arm_fatal_error
 .text.z_SysNmiOnReset
                0x080014f4        0x8 zephyr/arch/arch/arm/core/libarch__arm__core.a(nmi_on_reset.S.obj)
                0x080014f4                z_SysNmiOnReset
 .text.arch_tls_stack_setup
                0x080014fc       0x40 zephyr/arch/arch/arm/core/libarch__arm__core.a(tls.c.obj)
                0x080014fc                arch_tls_stack_setup
 .text.usage_fault.isra.0
                0x0800153c       0xa8 zephyr/arch/arch/arm/core/cortex_m/libarch__arm__core__cortex_m.a(fault.c.obj)
 .text.mem_manage_fault.isra.0
                0x080015e4       0xac zephyr/arch/arch/arm/core/cortex_m/libarch__arm__core__cortex_m.a(fault.c.obj)
 .text.bus_fault.isra.0
                0x08001690       0xb8 zephyr/arch/arch/arm/core/cortex_m/libarch__arm__core__cortex_m.a(fault.c.obj)
 .text.z_arm_fault
                0x08001748      0x1e4 zephyr/arch/arch/arm/core/cortex_m/libarch__arm__core__cortex_m.a(fault.c.obj)
                0x08001748                z_arm_fault
 .text.z_arm_fault_init
                0x0800192c       0x18 zephyr/arch/arch/arm/core/cortex_m/libarch__arm__core__cortex_m.a(fault.c.obj)
                0x0800192c                z_arm_fault_init
 .text.__fault  0x08001944       0x14 zephyr/arch/arch/arm/core/cortex_m/libarch__arm__core__cortex_m.a(fault_s.S.obj)
                0x08001944                z_arm_bus_fault
                0x08001944                z_arm_usage_fault
                0x08001944                z_arm_mpu_fault
                0x08001944                z_arm_exc_spurious
                0x08001944                z_arm_debug_monitor
                0x08001944                z_arm_hard_fault
 .text._reset_section
                0x08001958       0x34 zephyr/arch/arch/arm/core/cortex_m/libarch__arm__core__cortex_m.a(reset.S.obj)
                0x08001958                z_arm_reset
                0x08001958                __start
 .text.z_arm_svc
                0x0800198c       0x24 zephyr/arch/arch/arm/core/cortex_m/libarch__arm__core__cortex_m.a(svc.S.obj)
                0x0800198c                z_arm_svc
 .text.arm_irq_enable
                0x080019b0       0x1c zephyr/arch/arch/arm/core/cortex_m/libarch__arm__core__cortex_m.a(irq_manage.c.obj)
                0x080019b0                arm_irq_enable
 .text.arm_irq_priority_set
                0x080019cc       0x2c zephyr/arch/arch/arm/core/cortex_m/libarch__arm__core__cortex_m.a(irq_manage.c.obj)
                0x080019cc                arm_irq_priority_set
 .text.relocate_vector_table
                0x080019f8       0x20 zephyr/arch/arch/arm/core/cortex_m/libarch__arm__core__cortex_m.a(prep_c.c.obj)
                0x080019f8                relocate_vector_table
 .text.arch_new_thread
                0x08001a18       0x38 zephyr/arch/arch/arm/core/cortex_m/libarch__arm__core__cortex_m.a(thread.c.obj)
                0x08001a18                arch_new_thread
 .text.arch_switch_to_main_thread
                0x08001a50       0x38 zephyr/arch/arch/arm/core/cortex_m/libarch__arm__core__cortex_m.a(thread.c.obj)
                0x08001a50                arch_switch_to_main_thread
 .text.z_arm_cpu_idle_init
                0x08001a88        0xc zephyr/arch/arch/arm/core/cortex_m/libarch__arm__core__cortex_m.a(cpu_idle.c.obj)
                0x08001a88                z_arm_cpu_idle_init
 .text._HandlerModeExit
                0x08001a94       0x20 zephyr/arch/arch/arm/core/cortex_m/libarch__arm__core__cortex_m.a(exc_exit.c.obj)
                0x08001a94                z_arm_exc_exit
                0x08001a94                z_arm_int_exit
 .text.z_impl_k_thread_abort
                0x08001ab4       0x2c zephyr/arch/arch/arm/core/cortex_m/libarch__arm__core__cortex_m.a(thread_abort.c.obj)
                0x08001ab4                z_impl_k_thread_abort
 .text.z_arm_pendsv
                0x08001ae0       0x54 zephyr/arch/arch/arm/core/cortex_m/libarch__arm__core__cortex_m.a(swap_helper.S.obj)
                0x08001ae0                z_arm_pendsv
 .text.z_arm_interrupt_init
                0x08001b34       0x18 zephyr/arch/arch/arm/core/cortex_m/libarch__arm__core__cortex_m.a(irq_init.c.obj)
                0x08001b34                z_arm_interrupt_init
 .text._isr_wrapper
                0x08001b4c       0x24 zephyr/arch/arch/arm/core/cortex_m/libarch__arm__core__cortex_m.a(isr_wrapper.c.obj)
                0x08001b4c                _isr_wrapper
 .text.__aeabi_read_tp
                0x08001b70        0xc zephyr/arch/arch/arm/core/cortex_m/libarch__arm__core__cortex_m.a(__aeabi_read_tp.S.obj)
                0x08001b70                __aeabi_read_tp
 .text.cbvprintf
                0x08001b7c       0x38 zephyr/lib/libc/picolibc/liblib__libc__picolibc.a(cbprintf.c.obj)
                0x08001b7c                cbvprintf
 .text.z_impl_zephyr_fputc
                0x08001bb4       0x10 zephyr/lib/libc/picolibc/liblib__libc__picolibc.a(stdio.c.obj)
                0x08001bb4                z_impl_zephyr_fputc
 .text.__stdout_hook_install
                0x08001bc4       0x18 zephyr/lib/libc/picolibc/liblib__libc__picolibc.a(stdio.c.obj)
                0x08001bc4                __stdout_hook_install
 .text.malloc_prepare
                0x08001bdc       0x24 zephyr/lib/libc/common/liblib__libc__common.a(malloc.c.obj)
 .text.stm32_exti_is_pending
                0x08001c00       0x38 zephyr/drivers/interrupt_controller/libdrivers__interrupt_controller.a(intc_exti_stm32.c.obj)
                0x08001c00                stm32_exti_is_pending
 .text.stm32_exti_clear_pending
                0x08001c38       0x34 zephyr/drivers/interrupt_controller/libdrivers__interrupt_controller.a(intc_exti_stm32.c.obj)
                0x08001c38                stm32_exti_clear_pending
 .text.stm32_fill_irq_table
                0x08001c6c       0x18 zephyr/drivers/interrupt_controller/libdrivers__interrupt_controller.a(intc_gpio_stm32.c.obj)
 .text.stm32_intc_gpio_isr
                0x08001c84       0x4c zephyr/drivers/interrupt_controller/libdrivers__interrupt_controller.a(intc_gpio_stm32.c.obj)
 .text.stm32_gpio_intc_enable_line
                0x08001cd0       0x2c zephyr/drivers/interrupt_controller/libdrivers__interrupt_controller.a(intc_gpio_stm32.c.obj)
                0x08001cd0                stm32_gpio_intc_enable_line
 .text.stm32_gpio_intc_disable_line
                0x08001cfc       0x10 zephyr/drivers/interrupt_controller/libdrivers__interrupt_controller.a(intc_gpio_stm32.c.obj)
                0x08001cfc                stm32_gpio_intc_disable_line
 .text.stm32_gpio_intc_select_line_trigger
                0x08001d0c       0x50 zephyr/drivers/interrupt_controller/libdrivers__interrupt_controller.a(intc_gpio_stm32.c.obj)
                0x08001d0c                stm32_gpio_intc_select_line_trigger
 .text.stm32_gpio_intc_set_irq_callback
                0x08001d5c       0x40 zephyr/drivers/interrupt_controller/libdrivers__interrupt_controller.a(intc_gpio_stm32.c.obj)
                0x08001d5c                stm32_gpio_intc_set_irq_callback
 .text.stm32_gpio_intc_remove_irq_callback
                0x08001d9c       0x24 zephyr/drivers/interrupt_controller/libdrivers__interrupt_controller.a(intc_gpio_stm32.c.obj)
                0x08001d9c                stm32_gpio_intc_remove_irq_callback
 .text.stm32_exti_get_line_src_port
                0x08001dc0       0x30 zephyr/drivers/interrupt_controller/libdrivers__interrupt_controller.a(intc_gpio_stm32.c.obj)
                0x08001dc0                stm32_exti_get_line_src_port
 .text.stm32_clock_control_get_subsys_rate
                0x08001df0       0x7c zephyr/drivers/clock_control/libdrivers__clock_control.a(clock_stm32_ll_common.c.obj)
 .text.stm32_clock_control_init
                0x08001e6c       0xf4 zephyr/drivers/clock_control/libdrivers__clock_control.a(clock_stm32_ll_common.c.obj)
                0x08001e6c                stm32_clock_control_init
 .text.config_pll_sysclock
                0x08001f60       0x1c zephyr/drivers/clock_control/libdrivers__clock_control.a(clock_stm32f1.c.obj)
                0x08001f60                config_pll_sysclock
 .text.uart_console_init
                0x08001f7c       0x28 zephyr/drivers/console/libdrivers__console.a(uart_console.c.obj)
 .text.console_out
                0x08001fa4       0x28 zephyr/drivers/console/libdrivers__console.a(uart_console.c.obj)
 .text.gpio_stm32_pin_interrupt_configure
                0x08001fcc       0xac zephyr/drivers/gpio/libdrivers__gpio.a(gpio_stm32.c.obj)
 .text.gpio_stm32_config
                0x08002078       0xb8 zephyr/drivers/gpio/libdrivers__gpio.a(gpio_stm32.c.obj)
 .text.pinctrl_configure_pins
                0x08002130       0xa4 zephyr/drivers/pinctrl/libdrivers__pinctrl.a(pinctrl_stm32.c.obj)
                0x08002130                pinctrl_configure_pins
 .text.uart_stm32_set_baudrate
                0x080021d4       0xb4 zephyr/drivers/serial/libdrivers__serial.a(uart_stm32.c.obj)
 .text.uart_stm32_parameters_set
                0x08002288       0xfc zephyr/drivers/serial/libdrivers__serial.a(uart_stm32.c.obj)
 .text.uart_stm32_init
                0x08002384       0xd0 zephyr/drivers/serial/libdrivers__serial.a(uart_stm32.c.obj)
 .text.uart_stm32_configure
                0x08002454       0xdc zephyr/drivers/serial/libdrivers__serial.a(uart_stm32.c.obj)
 .text.elapsed  0x08002530       0x48 zephyr/drivers/timer/libdrivers__timer.a(cortex_m_systick.c.obj)
 .text.sys_clock_driver_init
                0x08002578       0x40 zephyr/drivers/timer/libdrivers__timer.a(cortex_m_systick.c.obj)
 .text.sys_clock_isr
                0x080025b8       0x74 zephyr/drivers/timer/libdrivers__timer.a(cortex_m_systick.c.obj)
                0x080025b8                sys_clock_isr
 .text.sys_clock_set_timeout
                0x0800262c       0xc0 zephyr/drivers/timer/libdrivers__timer.a(cortex_m_systick.c.obj)
                0x0800262c                sys_clock_set_timeout
 .text.sys_clock_elapsed
                0x080026ec       0x30 zephyr/drivers/timer/libdrivers__timer.a(cortex_m_systick.c.obj)
                0x080026ec                sys_clock_elapsed
 .text.HAL_RCC_GetSysClockFreq
                0x0800271c       0x4c modules/hal_stm32/stm32cube/lib..__modules__hal__stm32__stm32cube.a(stm32f1xx_hal_rcc.c.obj)
                0x0800271c                HAL_RCC_GetSysClockFreq
 .text.LL_SetFlashLatency
                0x08002768       0x50 modules/hal_stm32/stm32cube/lib..__modules__hal__stm32__stm32cube.a(stm32f1xx_ll_utils.c.obj)
                0x08002768                LL_SetFlashLatency
 .text.k_sys_fatal_error_handler
                0x080027b8       0x20 zephyr/kernel/libkernel.a(fatal.c.obj)
                0x080027b8                k_sys_fatal_error_handler
 .text.z_fatal_error
                0x080027d8       0xec zephyr/kernel/libkernel.a(fatal.c.obj)
                0x080027d8                z_fatal_error
 .text.z_sys_init_run_level
                0x080028c4       0x30 zephyr/kernel/libkernel.a(init.c.obj)
 .text.bg_thread_main
                0x080028f4       0xd4 zephyr/kernel/libkernel.a(init.c.obj)
 .text.z_init_cpu
                0x080029c8       0x68 zephyr/kernel/libkernel.a(init.c.obj)
                0x080029c8                z_init_cpu
 .text.z_cstart
                0x08002a30       0xe0 zephyr/kernel/libkernel.a(init.c.obj)
                0x08002a30                z_cstart
 .text.z_impl_k_sem_give
                0x08002b10       0x68 zephyr/kernel/libkernel.a(sem.c.obj)
                0x08002b10                z_impl_k_sem_give
 .text.z_impl_k_sem_take
                0x08002b78       0x4c zephyr/kernel/libkernel.a(sem.c.obj)
                0x08002b78                z_impl_k_sem_take
 .text.z_setup_new_thread
                0x08002bc4       0x7c zephyr/kernel/libkernel.a(thread.c.obj)
                0x08002bc4                z_setup_new_thread
 .text.z_dummy_thread_init
                0x08002c40       0x14 zephyr/kernel/libkernel.a(thread.c.obj)
                0x08002c40                z_dummy_thread_init
 .text.z_impl_k_wakeup
                0x08002c54       0x48 zephyr/kernel/libkernel.a(thread.c.obj)
                0x08002c54                z_impl_k_wakeup
 .text.z_impl_k_thread_create
                0x08002c9c       0x58 zephyr/kernel/libkernel.a(thread.c.obj)
                0x08002c9c                z_impl_k_thread_create
 .text.z_swap_irqlock
                0x08002cf4       0x30 zephyr/kernel/libkernel.a(sched.c.obj)
 .text.move_current_to_end_of_prio_q
                0x08002d24       0x6c zephyr/kernel/libkernel.a(sched.c.obj)
                0x08002d24                move_current_to_end_of_prio_q
 .text.ready_thread
                0x08002d90       0x80 zephyr/kernel/libkernel.a(sched.c.obj)
                0x08002d90                z_sched_ready_locked
 .text.unready_thread
                0x08002e10       0x54 zephyr/kernel/libkernel.a(sched.c.obj)
                0x08002e10                z_sched_unready_locked
 .text.z_thread_halt
                0x08002e64      0x13c zephyr/kernel/libkernel.a(sched.c.obj)
                0x08002e64                z_thread_halt
 .text.reschedule
                0x08002fa0       0x24 zephyr/kernel/libkernel.a(sched.c.obj)
                0x08002fa0                z_reschedule
 .text.z_sched_lock_reschedule
                0x08002fc4       0x48 zephyr/kernel/libkernel.a(sched.c.obj)
                0x08002fc4                z_sched_lock_reschedule
 .text.z_sched_yield
                0x0800300c       0x84 zephyr/kernel/libkernel.a(sched.c.obj)
                0x0800300c                z_sched_yield
 .text.z_pend_curr
                0x08003090       0x64 zephyr/kernel/libkernel.a(sched.c.obj)
                0x08003090                z_pend_curr
 .text.z_tick_sleep
                0x080030f4       0x80 zephyr/kernel/libkernel.a(sleep.c.obj)
 .text.z_sched_init
                0x08003174       0x10 zephyr/kernel/libkernel.a(scheduler.c.obj)
                0x08003174                z_sched_init
 .text.k_sched_lock
                0x08003184       0x28 zephyr/kernel/libkernel.a(scheduler.c.obj)
                0x08003184                k_sched_lock
 .text.k_sched_unlock
                0x080031ac       0x20 zephyr/kernel/libkernel.a(scheduler.c.obj)
                0x080031ac                k_sched_unlock
 .text.z_impl_k_sched_current_thread_query
                0x080031cc        0xc zephyr/kernel/libkernel.a(scheduler.c.obj)
                0x080031cc                z_impl_k_sched_current_thread_query
 .text.z_time_slice_size
                0x080031d8       0x40 zephyr/kernel/libkernel.a(timeslicing.c.obj)
 .text.slice_timeout
                0x08003218       0x20 zephyr/kernel/libkernel.a(timeslicing.c.obj)
 .text.slice_reset
                0x08003238       0x40 zephyr/kernel/libkernel.a(timeslicing.c.obj)
 .text.z_time_slice
                0x08003278       0x68 zephyr/kernel/libkernel.a(timeslicing.c.obj)
                0x08003278                z_time_slice
 .text.z_timeout_q_first
                0x080032e0       0x10 zephyr/kernel/libkernel.a(timeout.c.obj)
 .text.next_timeout
                0x080032f0       0x4c zephyr/kernel/libkernel.a(timeout.c.obj)
 .text.elapsed  0x0800333c       0x10 zephyr/kernel/libkernel.a(timeout.c.obj)
 .text.z_add_timeout
                0x0800334c      0x120 zephyr/kernel/libkernel.a(timeout.c.obj)
                0x0800334c                z_add_timeout
 .text.z_try_abort_timeout
                0x0800346c       0x84 zephyr/kernel/libkernel.a(timeout.c.obj)
                0x0800346c                z_try_abort_timeout
 .text.z_timeout_inflight_superseded
                0x080034f0       0x2c zephyr/kernel/libkernel.a(timeout.c.obj)
                0x080034f0                z_timeout_inflight_superseded
 .text.sys_clock_announce_locked
                0x0800351c       0xe8 zephyr/kernel/libkernel.a(timeout.c.obj)
                0x0800351c                sys_clock_announce_locked
 .text.sys_clock_tick_get
                0x08003604       0x30 zephyr/kernel/libkernel.a(timeout.c.obj)
                0x08003604                sys_clock_tick_get
 .text.z_timer_expiration_handler
                0x08003634       0xec zephyr/kernel/libkernel.a(timer.c.obj)
                0x08003634                z_timer_expiration_handler
 .text.z_impl_k_timer_start
                0x08003720       0x4c zephyr/kernel/libkernel.a(timer.c.obj)
                0x08003720                z_impl_k_timer_start
 .text.z_impl_k_timer_stop
                0x0800376c       0x60 zephyr/kernel/libkernel.a(timer.c.obj)
                0x0800376c                z_impl_k_timer_stop
 .text.snprintf
                0x080037cc       0x54 /home/motaha/zephyr-sdk-1.0.1/gnu/arm-zephyr-eabi/bin/../lib/gcc/arm-zephyr-eabi/14.3.0/../../../../arm-zephyr-eabi/lib/thumb/v7-m/nofp/space/libc.a(libc_tinystdio_snprintf.c.o)
                0x080037cc                snprintf
 .text.__l_vfprintf
                0x08003820      0x484 /home/motaha/zephyr-sdk-1.0.1/gnu/arm-zephyr-eabi/bin/../lib/gcc/arm-zephyr-eabi/14.3.0/../../../../arm-zephyr-eabi/lib/thumb/v7-m/nofp/space/libc.a(libc_tinystdio_vflprintf.c.o)
                0x08003820                __l_vfprintf
 .text._OffsetAbsSyms
                0x08003ca4        0x2 zephyr/CMakeFiles/offsets.dir/./arch/arm/core/offsets/offsets.c.obj
                0x08003ca4                _OffsetAbsSyms
 .text.chunk_size
                0x08003ca6        0xa zephyr/libzephyr.a(heap.c.obj)
 .text.free_list_add
                0x08003cb0       0x4e zephyr/libzephyr.a(heap.c.obj)
 .text.sys_heap_init
                0x08003cfe       0x82 zephyr/libzephyr.a(heap.c.obj)
                0x08003cfe                sys_heap_init
 .text.cbvprintf_package
                0x08003d80      0x350 zephyr/libzephyr.a(cbprintf_packaged.c.obj)
                0x08003d80                cbvprintf_package
 .text.cbpprintf_external
                0x080040d0       0x62 zephyr/libzephyr.a(cbprintf_packaged.c.obj)
                0x080040d0                cbpprintf_external
 .text.is_ptr   0x08004132       0x3a zephyr/libzephyr.a(cbprintf_packaged.c.obj)
                0x08004132                is_ptr
 .text.arch_printk_char_out
                0x0800416c        0x4 zephyr/libzephyr.a(printk.c.obj)
                0x0800416c                arch_printk_char_out
 .text.printk   0x08004170       0x1a zephyr/libzephyr.a(printk.c.obj)
                0x08004170                printk
 .text.free_space
                0x0800418a       0x26 zephyr/libzephyr.a(mpsc_pbuf.c.obj)
 .text.get_usage
                0x080041b0       0x22 zephyr/libzephyr.a(mpsc_pbuf.c.obj)
 .text.idx_inc  0x080041d2       0x1c zephyr/libzephyr.a(mpsc_pbuf.c.obj)
 .text.rd_idx_inc
                0x080041ee       0x18 zephyr/libzephyr.a(mpsc_pbuf.c.obj)
 .text.add_skip_item
                0x08004206       0x3e zephyr/libzephyr.a(mpsc_pbuf.c.obj)
 .text.drop_item_locked
                0x08004244       0xf8 zephyr/libzephyr.a(mpsc_pbuf.c.obj)
 .text.post_drop_action
                0x0800433c       0x36 zephyr/libzephyr.a(mpsc_pbuf.c.obj)
 .text.max_utilization_update
                0x08004372       0x1a zephyr/libzephyr.a(mpsc_pbuf.c.obj)
 .text.mpsc_pbuf_init
                0x0800438c       0x42 zephyr/libzephyr.a(mpsc_pbuf.c.obj)
                0x0800438c                mpsc_pbuf_init
 .text.mpsc_pbuf_alloc
                0x080043ce       0xfa zephyr/libzephyr.a(mpsc_pbuf.c.obj)
                0x080043ce                mpsc_pbuf_alloc
 .text.mpsc_pbuf_commit
                0x080044c8       0x3e zephyr/libzephyr.a(mpsc_pbuf.c.obj)
                0x080044c8                mpsc_pbuf_commit
 .text.mpsc_pbuf_claim
                0x08004506       0xb6 zephyr/libzephyr.a(mpsc_pbuf.c.obj)
                0x08004506                mpsc_pbuf_claim
 .text.mpsc_pbuf_free
                0x080045bc       0x76 zephyr/libzephyr.a(mpsc_pbuf.c.obj)
                0x080045bc                mpsc_pbuf_free
 .text.mpsc_pbuf_is_pending
                0x08004632       0x30 zephyr/libzephyr.a(mpsc_pbuf.c.obj)
                0x08004632                mpsc_pbuf_is_pending
 .text._ConfigAbsSyms
                0x08004662        0x2 zephyr/libzephyr.a(configs.c.obj)
                0x08004662                _ConfigAbsSyms
 .text.stm32_gpioport_configure_pin
                0x08004664       0x92 zephyr/libzephyr.a(gpioport_mgr.c.obj)
                0x08004664                stm32_gpioport_configure_pin
 .text.log_msg_generic_get_wlen
                0x080046f6       0x20 zephyr/libzephyr.a(log_core.c.obj)
 .text.dummy_timestamp
                0x08004716        0x4 zephyr/libzephyr.a(log_core.c.obj)
 .text.atomic_inc
                0x0800471a       0x1a zephyr/libzephyr.a(log_core.c.obj)
 .text.default_lf_get_timestamp
                0x08004734       0x10 zephyr/libzephyr.a(log_core.c.obj)
 .text.z_log_vprintk
                0x08004744       0x1c zephyr/libzephyr.a(log_core.c.obj)
                0x08004744                z_log_vprintk
 .text.z_log_notify_drop
                0x08004760        0x6 zephyr/libzephyr.a(log_core.c.obj)
 .text.z_log_get_tag
                0x08004766        0x4 zephyr/libzephyr.a(log_core.c.obj)
                0x08004766                z_log_get_tag
 .text.log_backend_enable
                0x0800476a       0x12 zephyr/libzephyr.a(log_mgmt.c.obj)
                0x0800476a                log_backend_enable
 .text.z_cbprintf_cpy
                0x0800477c       0x2e zephyr/libzephyr.a(log_msg.c.obj)
 .text.z_log_msg_finalize
                0x080047aa       0x32 zephyr/libzephyr.a(log_msg.c.obj)
                0x080047aa                z_log_msg_finalize
 .text.z_log_msg_simple_create
                0x080047dc       0x6e zephyr/libzephyr.a(log_msg.c.obj)
 .text.z_impl_z_log_msg_simple_create_0
                0x0800484a       0x12 zephyr/libzephyr.a(log_msg.c.obj)
                0x0800484a                z_impl_z_log_msg_simple_create_0
 .text.z_impl_z_log_msg_simple_create_1
                0x0800485c       0x14 zephyr/libzephyr.a(log_msg.c.obj)
                0x0800485c                z_impl_z_log_msg_simple_create_1
 .text.log_output_write
                0x08004870       0x1c zephyr/libzephyr.a(log_output.c.obj)
 .text.log_output_flush
                0x0800488c       0x18 zephyr/libzephyr.a(log_output.c.obj)
 .text.out_func
                0x080048a4       0x36 zephyr/libzephyr.a(log_output.c.obj)
 .text.cr_out_func
                0x080048da       0x1c zephyr/libzephyr.a(log_output.c.obj)
 .text.log_output_msg_process
                0x080048f6       0x6c zephyr/libzephyr.a(log_output.c.obj)
                0x080048f6                log_output_msg_process
 .text.format_set
                0x08004962        0xc zephyr/libzephyr.a(log_backend_uart.c.obj)
 .text.log_backend_uart_init
                0x0800496e        0xc zephyr/libzephyr.a(log_backend_uart.c.obj)
 .text.panic    0x0800497a       0x32 zephyr/libzephyr.a(log_backend_uart.c.obj)
 .text.dropped  0x080049ac        0xa zephyr/libzephyr.a(log_backend_uart.c.obj)
 .text.process  0x080049b6       0x1e zephyr/libzephyr.a(log_backend_uart.c.obj)
 .text.arch_early_memset
                0x080049d4        0x4 zephyr/arch/common/libarch__common.a(init.c.obj)
                0x080049d4                arch_early_memset
 .text.arch_early_memcpy
                0x080049d8        0x4 zephyr/arch/common/libarch__common.a(init.c.obj)
                0x080049d8                arch_early_memcpy
 .text.z_do_kernel_oops
                0x080049dc        0x8 zephyr/arch/arch/arm/core/libarch__arm__core.a(fatal.c.obj)
                0x080049dc                z_do_kernel_oops
 .text.z_arm_nmi
                0x080049e4        0xe zephyr/arch/arch/arm/core/libarch__arm__core.a(nmi.c.obj)
                0x080049e4                z_arm_nmi
 .text.z_log_msg_simple_create_0.constprop.0
                0x080049f2        0x8 zephyr/arch/arch/arm/core/cortex_m/libarch__arm__core__cortex_m.a(fault.c.obj)
 .text.z_irq_spurious
                0x080049fa        0x8 zephyr/arch/arch/arm/core/cortex_m/libarch__arm__core__cortex_m.a(irq_manage.c.obj)
                0x080049fa                z_irq_spurious
 .text.z_prep_c
                0x08004a02       0x16 zephyr/arch/arch/arm/core/cortex_m/libarch__arm__core__cortex_m.a(prep_c.c.obj)
                0x08004a02                z_prep_c
 .text.arch_coprocessors_disable
                0x08004a18        0x6 zephyr/arch/arch/arm/core/cortex_m/libarch__arm__core__cortex_m.a(thread.c.obj)
                0x08004a18                arch_coprocessors_disable
 .text.arch_irq_unlock_outlined
                0x08004a1e        0xe zephyr/arch/arch/arm/core/cortex_m/libarch__arm__core__cortex_m.a(thread.c.obj)
                0x08004a1e                arch_irq_unlock_outlined
 .text.arch_cpu_idle
                0x08004a2c       0x1a zephyr/arch/arch/arm/core/cortex_m/libarch__arm__core__cortex_m.a(cpu_idle.c.obj)
                0x08004a2c                arch_cpu_idle
 .text.cbputc   0x08004a46        0xc zephyr/lib/libc/picolibc/liblib__libc__picolibc.a(cbprintf.c.obj)
 .text.picolibc_put
                0x08004a52        0xa zephyr/lib/libc/picolibc/liblib__libc__picolibc.a(stdio.c.obj)
 .text.stm32_exti_init
                0x08004a5c        0x4 zephyr/drivers/interrupt_controller/libdrivers__interrupt_controller.a(intc_exti_stm32.c.obj)
 .text.stm32_exti_gpio_intc_init
                0x08004a60       0x92 zephyr/drivers/interrupt_controller/libdrivers__interrupt_controller.a(intc_gpio_stm32.c.obj)
 .text.stm32_gpio_intc_get_pin_irq_line
                0x08004af2        0xa zephyr/drivers/interrupt_controller/libdrivers__interrupt_controller.a(intc_gpio_stm32.c.obj)
                0x08004af2                stm32_gpio_intc_get_pin_irq_line
 .text.stm32_exti_set_line_src_port
                0x08004afc       0x36 zephyr/drivers/interrupt_controller/libdrivers__interrupt_controller.a(intc_gpio_stm32.c.obj)
                0x08004afc                stm32_exti_set_line_src_port
 .text.stm32_clock_control_on
                0x08004b32       0x44 zephyr/drivers/clock_control/libdrivers__clock_control.a(clock_stm32_ll_common.c.obj)
 .text.stm32_clock_control_off
                0x08004b76       0x2c zephyr/drivers/clock_control/libdrivers__clock_control.a(clock_stm32_ll_common.c.obj)
 .text.enabled_clock
                0x08004ba2       0x16 zephyr/drivers/clock_control/libdrivers__clock_control.a(clock_stm32_ll_common.c.obj)
                0x08004ba2                enabled_clock
 .text.stm32_clock_control_configure
                0x08004bb8       0x46 zephyr/drivers/clock_control/libdrivers__clock_control.a(clock_stm32_ll_common.c.obj)
 .text.stm32_clock_control_get_status
                0x08004bfe       0x38 zephyr/drivers/clock_control/libdrivers__clock_control.a(clock_stm32_ll_common.c.obj)
 .text.config_regulator_voltage
                0x08004c36        0x2 zephyr/drivers/clock_control/libdrivers__clock_control.a(clock_stm32_ll_common.c.obj)
                0x08004c36                config_regulator_voltage
 .text.get_pllout_frequency
                0x08004c38        0x4 zephyr/drivers/clock_control/libdrivers__clock_control.a(clock_stm32f1.c.obj)
                0x08004c38                get_pllout_frequency
 .text.config_enable_default_clocks
                0x08004c3c        0x2 zephyr/drivers/clock_control/libdrivers__clock_control.a(clock_stm32f1.c.obj)
                0x08004c3c                config_enable_default_clocks
 .text.gpio_stm32_port_get_raw
                0x08004c3e        0xc zephyr/drivers/gpio/libdrivers__gpio.a(gpio_stm32.c.obj)
 .text.gpio_stm32_port_set_masked_raw
                0x08004c4a       0x12 zephyr/drivers/gpio/libdrivers__gpio.a(gpio_stm32.c.obj)
 .text.gpio_stm32_port_set_bits_raw
                0x08004c5c        0xa zephyr/drivers/gpio/libdrivers__gpio.a(gpio_stm32.c.obj)
 .text.gpio_stm32_port_clear_bits_raw
                0x08004c66        0xa zephyr/drivers/gpio/libdrivers__gpio.a(gpio_stm32.c.obj)
 .text.gpio_stm32_port_toggle_bits
                0x08004c70        0xe zephyr/drivers/gpio/libdrivers__gpio.a(gpio_stm32.c.obj)
 .text.gpio_stm32_manage_callback
                0x08004c7e       0x54 zephyr/drivers/gpio/libdrivers__gpio.a(gpio_stm32.c.obj)
 .text.gpio_stm32_isr
                0x08004cd2       0x2c zephyr/drivers/gpio/libdrivers__gpio.a(gpio_stm32.c.obj)
 .text.pinctrl_lookup_state
                0x08004cfe       0x24 zephyr/drivers/pinctrl/libdrivers__pinctrl.a(common.c.obj)
                0x08004cfe                pinctrl_lookup_state
 .text.reset_stm32_status
                0x08004d22       0x20 zephyr/drivers/reset/libdrivers__reset.a(reset_stm32.c.obj)
 .text.reset_stm32_line_assert
                0x08004d42       0x1c zephyr/drivers/reset/libdrivers__reset.a(reset_stm32.c.obj)
 .text.reset_stm32_line_deassert
                0x08004d5e       0x1e zephyr/drivers/reset/libdrivers__reset.a(reset_stm32.c.obj)
 .text.reset_stm32_line_toggle
                0x08004d7c       0x16 zephyr/drivers/reset/libdrivers__reset.a(reset_stm32.c.obj)
 .text.LL_USART_ClearFlag_PE
                0x08004d92       0x12 zephyr/drivers/serial/libdrivers__serial.a(uart_stm32.c.obj)
 .text.uart_stm32_err_check
                0x08004da4       0x5e zephyr/drivers/serial/libdrivers__serial.a(uart_stm32.c.obj)
 .text.uart_stm32_poll_in
                0x08004e02       0x22 zephyr/drivers/serial/libdrivers__serial.a(uart_stm32.c.obj)
 .text.uart_stm32_poll_out
                0x08004e24       0x36 zephyr/drivers/serial/libdrivers__serial.a(uart_stm32.c.obj)
 .text.uart_stm32_config_get
                0x08004e5a       0x8e zephyr/drivers/serial/libdrivers__serial.a(uart_stm32.c.obj)
 .text.sys_clock_lock
                0x08004ee8       0x10 zephyr/drivers/timer/libdrivers__timer.a(cortex_m_systick.c.obj)
 .text.do_device_init
                0x08004ef8       0x30 zephyr/kernel/libkernel.a(device.c.obj)
                0x08004ef8                do_device_init
 .text.z_impl_device_is_ready
                0x08004f28       0x16 zephyr/kernel/libkernel.a(device.c.obj)
                0x08004f28                z_impl_device_is_ready
 .text.arch_system_halt
                0x08004f3e       0x10 zephyr/kernel/libkernel.a(fatal.c.obj)
                0x08004f3e                arch_system_halt
 .text.idle     0x08004f4e       0x16 zephyr/kernel/libkernel.a(idle.c.obj)
                0x08004f4e                idle
 .text.z_impl_k_sem_init
                0x08004f64       0x18 zephyr/kernel/libkernel.a(sem.c.obj)
                0x08004f64                z_impl_k_sem_init
 .text.k_is_in_isr
                0x08004f7c        0xc zephyr/kernel/libkernel.a(thread.c.obj)
                0x08004f7c                k_is_in_isr
 .text.z_impl_k_thread_name_set
                0x08004f88        0x6 zephyr/kernel/libkernel.a(thread.c.obj)
                0x08004f88                z_impl_k_thread_name_set
 .text.k_thread_name_get
                0x08004f8e        0x4 zephyr/kernel/libkernel.a(thread.c.obj)
                0x08004f8e                k_thread_name_get
 .text.z_thread_abort
                0x08004f92       0x3e zephyr/kernel/libkernel.a(thread.c.obj)
                0x08004f92                z_thread_abort
 .text.z_impl_k_yield
                0x08004fd0        0x4 zephyr/kernel/libkernel.a(thread.c.obj)
                0x08004fd0                z_impl_k_yield
 .text.sys_dlist_remove
                0x08004fd4       0x10 zephyr/kernel/libkernel.a(sched.c.obj)
 .text.unpend_thread_no_timeout
                0x08004fe4       0x14 zephyr/kernel/libkernel.a(sched.c.obj)
 .text.z_ready_thread
                0x08004ff8       0x1e zephyr/kernel/libkernel.a(sched.c.obj)
                0x08004ff8                z_ready_thread
 .text.add_to_waitq_locked
                0x08005016       0x4c zephyr/kernel/libkernel.a(sched.c.obj)
                0x08005016                z_sched_add_to_waitq_locked
 .text.z_unpend_thread_no_timeout
                0x08005062       0x22 zephyr/kernel/libkernel.a(sched.c.obj)
                0x08005062                z_unpend_thread_no_timeout
 .text.z_sched_wake_thread_locked
                0x08005084       0x28 zephyr/kernel/libkernel.a(sched.c.obj)
                0x08005084                z_sched_wake_thread_locked
 .text.z_thread_timeout
                0x080050ac       0x2a zephyr/kernel/libkernel.a(sched.c.obj)
                0x080050ac                z_thread_timeout
 .text.z_unpend1_no_timeout
                0x080050d6       0x2c zephyr/kernel/libkernel.a(sched.c.obj)
                0x080050d6                z_unpend1_no_timeout
 .text.z_impl_k_sleep
                0x08005102       0x32 zephyr/kernel/libkernel.a(sleep.c.obj)
                0x08005102                z_impl_k_sleep
 .text.z_time_slice_reset
                0x08005134        0xe zephyr/kernel/libkernel.a(timeslicing.c.obj)
                0x08005134                z_time_slice_reset
 .text.sys_clock_tick_get_32
                0x08005142        0x8 zephyr/kernel/libkernel.a(timeout.c.obj)
                0x08005142                sys_clock_tick_get_32
 .text.z_impl_k_uptime_ticks
                0x0800514a        0x4 zephyr/kernel/libkernel.a(timeout.c.obj)
                0x0800514a                z_impl_k_uptime_ticks
 .text.k_timer_init
                0x0800514e       0x22 zephyr/kernel/libkernel.a(timer.c.obj)
                0x0800514e                k_timer_init
 .text.memcpy   0x08005170       0x1c /home/motaha/zephyr-sdk-1.0.1/gnu/arm-zephyr-eabi/bin/../lib/gcc/arm-zephyr-eabi/14.3.0/../../../../arm-zephyr-eabi/lib/thumb/v7-m/nofp/space/libc.a(memcpy.c.o)
                0x08005170                memcpy
                0x08005170                __aeabi_memcpy
                0x08005170                __aeabi_memcpy4
                0x08005170                __aeabi_memcpy8
 .text.memset   0x0800518c       0x10 /home/motaha/zephyr-sdk-1.0.1/gnu/arm-zephyr-eabi/bin/../lib/gcc/arm-zephyr-eabi/14.3.0/../../../../arm-zephyr-eabi/lib/thumb/v7-m/nofp/space/libc.a(memset.c.o)
                0x0800518c                memset
 .text.strnlen  0x0800519c       0x18 /home/motaha/zephyr-sdk-1.0.1/gnu/arm-zephyr-eabi/bin/../lib/gcc/arm-zephyr-eabi/14.3.0/../../../../arm-zephyr-eabi/lib/thumb/v7-m/nofp/space/libc.a(libc_string_strnlen.c.o)
                0x0800519c                strnlen
 .text.__ultoa_invert
                0x080051b4       0xae /home/motaha/zephyr-sdk-1.0.1/gnu/arm-zephyr-eabi/bin/../lib/gcc/arm-zephyr-eabi/14.3.0/../../../../arm-zephyr-eabi/lib/thumb/v7-m/nofp/space/libc.a(libc_tinystdio_vflprintf.c.o)
 .text.__file_str_put
                0x08005262       0x10 /home/motaha/zephyr-sdk-1.0.1/gnu/arm-zephyr-eabi/bin/../lib/gcc/arm-zephyr-eabi/14.3.0/../../../../arm-zephyr-eabi/lib/thumb/v7-m/nofp/space/libc.a(libc_tinystdio_filestrput.c.o)
                0x08005262                __file_str_put
 *(SORT_BY_ALIGNMENT(.gnu.linkonce.t.*))
 *(SORT_BY_ALIGNMENT(.glue_7t))
 .glue_7t       0x08005272        0x0 linker stubs
 *(SORT_BY_ALIGNMENT(.glue_7))
 .glue_7        0x08005272        0x0 linker stubs
 *(SORT_BY_ALIGNMENT(.vfp11_veneer))
 .vfp11_veneer  0x08005272        0x0 linker stubs
 *(SORT_BY_ALIGNMENT(.v4_bx))
 .v4_bx         0x08005272        0x0 linker stubs
                0x08005274                        . = ALIGN (0x4)
 *fill*         0x08005272        0x2 
                0x08005274                        __text_region_end = .

.ARM.exidx      0x08005274        0x8
                0x08005274                        __exidx_start = .
 *(SORT_BY_ALIGNMENT(.ARM.exidx*) SORT_BY_ALIGNMENT(gnu.linkonce.armexidx.*))
 .ARM.exidx     0x08005274        0x8 /home/motaha/zephyr-sdk-1.0.1/gnu/arm-zephyr-eabi/bin/../lib/gcc/arm-zephyr-eabi/14.3.0/thumb/v7-m/nofp/space/libgcc.a(_udivmoddi4.o)
                0x0800527c                        __exidx_end = .
                0x0800527c                        __rodata_region_start = .

initlevel       0x0800527c       0x90
                0x0800527c                        __init_start = .
                0x0800527c                        __init_EARLY_start = .
 *(SORT_BY_NAME(SORT_BY_ALIGNMENT(.z_init_EARLY_P_?_*)))
 *(SORT_BY_NAME(SORT_BY_ALIGNMENT(.z_init_EARLY_P_??_*)))
 *(SORT_BY_NAME(SORT_BY_ALIGNMENT(.z_init_EARLY_P_???_*)))
                0x0800527c                        __init_PRE_KERNEL_1_start = .
 *(SORT_BY_NAME(SORT_BY_ALIGNMENT(.z_init_PRE_KERNEL_1_P_?_*)))
 .z_init_PRE_KERNEL_1_P_1_SUB_00008_
                0x0800527c        0x8 zephyr/drivers/clock_control/libdrivers__clock_control.a(clock_stm32_ll_common.c.obj)
 .z_init_PRE_KERNEL_1_P_1_SUB_0_
                0x08005284        0x8 zephyr/libzephyr.a(soc_config.c.obj)
 *(SORT_BY_NAME(SORT_BY_ALIGNMENT(.z_init_PRE_KERNEL_1_P_??_*)))
 .z_init_PRE_KERNEL_1_P_35_SUB_00045_
                0x0800528c        0x8 zephyr/drivers/reset/libdrivers__reset.a(reset_stm32.c.obj)
 .z_init_PRE_KERNEL_1_P_40_SUB_00014_
                0x08005294        0x8 zephyr/libzephyr.a(gpioport_mgr.c.obj)
 .z_init_PRE_KERNEL_1_P_40_SUB_00031_
                0x0800529c        0x8 zephyr/libzephyr.a(gpioport_mgr.c.obj)
 .z_init_PRE_KERNEL_1_P_40_SUB_00036_
                0x080052a4        0x8 zephyr/libzephyr.a(gpioport_mgr.c.obj)
 .z_init_PRE_KERNEL_1_P_40_SUB_00041_
                0x080052ac        0x8 zephyr/drivers/interrupt_controller/libdrivers__interrupt_controller.a(intc_exti_stm32.c.obj)
 .z_init_PRE_KERNEL_1_P_40_SUB_00072_
                0x080052b4        0x8 zephyr/libzephyr.a(gpioport_mgr.c.obj)
 .z_init_PRE_KERNEL_1_P_40_SUB_00073_
                0x080052bc        0x8 zephyr/libzephyr.a(gpioport_mgr.c.obj)
 .z_init_PRE_KERNEL_1_P_40_SUB_0_
                0x080052c4        0x8 zephyr/drivers/interrupt_controller/libdrivers__interrupt_controller.a(intc_gpio_stm32.c.obj)
 .z_init_PRE_KERNEL_1_P_50_SUB_00046_
                0x080052cc        0x8 zephyr/drivers/serial/libdrivers__serial.a(uart_stm32.c.obj)
 .z_init_PRE_KERNEL_1_P_50_SUB_00049_
                0x080052d4        0x8 zephyr/drivers/serial/libdrivers__serial.a(uart_stm32.c.obj)
 .z_init_PRE_KERNEL_1_P_50_SUB_00052_
                0x080052dc        0x8 zephyr/drivers/serial/libdrivers__serial.a(uart_stm32.c.obj)
 .z_init_PRE_KERNEL_1_P_60_SUB_0_
                0x080052e4        0x8 zephyr/drivers/console/libdrivers__console.a(uart_console.c.obj)
 *(SORT_BY_NAME(SORT_BY_ALIGNMENT(.z_init_PRE_KERNEL_1_P_???_*)))
                0x080052ec                        __init_PRE_KERNEL_2_start = .
 *(SORT_BY_NAME(SORT_BY_ALIGNMENT(.z_init_PRE_KERNEL_2_P_?_*)))
 .z_init_PRE_KERNEL_2_P_0_SUB_0_
                0x080052ec        0x8 zephyr/drivers/timer/libdrivers__timer.a(cortex_m_systick.c.obj)
 *(SORT_BY_NAME(SORT_BY_ALIGNMENT(.z_init_PRE_KERNEL_2_P_??_*)))
 *(SORT_BY_NAME(SORT_BY_ALIGNMENT(.z_init_PRE_KERNEL_2_P_???_*)))
                0x080052f4                        __init_POST_KERNEL_start = .
 *(SORT_BY_NAME(SORT_BY_ALIGNMENT(.z_init_POST_KERNEL_P_?_*)))
 .z_init_POST_KERNEL_P_0_SUB_0_
                0x080052f4        0x8 zephyr/libzephyr.a(log_core.c.obj)
 *(SORT_BY_NAME(SORT_BY_ALIGNMENT(.z_init_POST_KERNEL_P_??_*)))
 .z_init_POST_KERNEL_P_35_SUB_0_
                0x080052fc        0x8 zephyr/lib/libc/common/liblib__libc__common.a(malloc.c.obj)
 *(SORT_BY_NAME(SORT_BY_ALIGNMENT(.z_init_POST_KERNEL_P_???_*)))
                0x08005304                        __init_APPLICATION_start = .
 *(SORT_BY_NAME(SORT_BY_ALIGNMENT(.z_init_APPLICATION_P_?_*)))
 .z_init_APPLICATION_P_0_SUB_0_
                0x08005304        0x8 zephyr/libzephyr.a(boot_banner.c.obj)
 *(SORT_BY_NAME(SORT_BY_ALIGNMENT(.z_init_APPLICATION_P_??_*)))
 *(SORT_BY_NAME(SORT_BY_ALIGNMENT(.z_init_APPLICATION_P_???_*)))
                0x0800530c                        __init_SMP_start = .
 *(SORT_BY_NAME(SORT_BY_ALIGNMENT(.z_init_SMP_P_?_*)))
 *(SORT_BY_NAME(SORT_BY_ALIGNMENT(.z_init_SMP_P_??_*)))
 *(SORT_BY_NAME(SORT_BY_ALIGNMENT(.z_init_SMP_P_???_*)))
                0x0800530c                        __init_end = .

device_area     0x0800530c      0x134
                0x0800530c                        _device_list_start = .
 *(SORT_BY_NAME(SORT_BY_ALIGNMENT(._device.static.*_?_*)))
 ._device.static.1_1_
                0x0800530c       0x1c zephyr/drivers/clock_control/libdrivers__clock_control.a(clock_stm32_ll_common.c.obj)
                0x0800530c                __device_dts_ord_8
 *(SORT_BY_NAME(SORT_BY_ALIGNMENT(._device.static.*_??_*)))
 ._device.static.1_35_
                0x08005328       0x1c zephyr/drivers/reset/libdrivers__reset.a(reset_stm32.c.obj)
                0x08005328                __device_dts_ord_45
 ._device.static.1_40_
                0x08005344       0x8c zephyr/libzephyr.a(gpioport_mgr.c.obj)
                0x08005344                __device_dts_ord_73
                0x08005360                __device_dts_ord_72
                0x0800537c                __device_dts_ord_31
                0x08005398                __device_dts_ord_14
                0x080053b4                __device_dts_ord_36
 ._device.static.1_40_
                0x080053d0       0x1c zephyr/drivers/interrupt_controller/libdrivers__interrupt_controller.a(intc_exti_stm32.c.obj)
                0x080053d0                __device_dts_ord_41
 ._device.static.1_50_
                0x080053ec       0x54 zephyr/drivers/serial/libdrivers__serial.a(uart_stm32.c.obj)
                0x080053ec                __device_dts_ord_49
                0x08005408                __device_dts_ord_46
                0x08005424                __device_dts_ord_52
 *(SORT_BY_NAME(SORT_BY_ALIGNMENT(._device.static.*_???_*)))
 *(SORT_BY_NAME(SORT_BY_ALIGNMENT(._device.static.*_????_*)))
 *(SORT_BY_NAME(SORT_BY_ALIGNMENT(._device.static.*_?????_*)))
                0x08005440                        _device_list_end = .

sw_isr_table    0x08005440      0x148
                0x08005440                        . = ALIGN (0x4)
 *(SORT_BY_ALIGNMENT(.gnu.linkonce.sw_isr_table*))
 .gnu.linkonce.sw_isr_table
                0x08005440      0x148 zephyr/CMakeFiles/zephyr_final.dir/isr_tables.c.obj
                0x08005440                _sw_isr_table

initlevel_error
 *(SORT_BY_NAME(SORT_BY_ALIGNMENT(.z_init_*)))
                0x00000001                        ASSERT ((SIZEOF (initlevel_error) == 0x0), Undefined initialization levels used.)

app_shmem_regions
                0x08005588        0x0
                0x08005588                        __app_shmem_regions_start = .
 *(SORT_BY_NAME(SORT_BY_ALIGNMENT(.app_regions.*)))
                0x08005588                        __app_shmem_regions_end = .

k_p4wq_initparam_area
                0x08005588        0x0
                0x08005588                        _k_p4wq_initparam_list_start = .
 *(SORT_BY_NAME(SORT_BY_ALIGNMENT(._k_p4wq_initparam.static.*)))
                0x08005588                        _k_p4wq_initparam_list_end = .

k_kernel_init_pre_entry_area
                0x08005588        0x0
                0x08005588                        _k_kernel_init_pre_entry_list_start = .
 *(SORT_BY_NAME(SORT_BY_ALIGNMENT(._k_kernel_init_pre_entry.static.*)))
                0x08005588                        _k_kernel_init_pre_entry_list_end = .

k_kernel_init_post_entry_area
                0x08005588        0x0
                0x08005588                        _k_kernel_init_post_entry_list_start = .
 *(SORT_BY_NAME(SORT_BY_ALIGNMENT(._k_kernel_init_post_entry.static.*)))
                0x08005588                        _k_kernel_init_post_entry_list_end = .

_static_thread_data_area
                0x08005588        0x0
                0x08005588                        __static_thread_data_list_start = .
 *(SORT_BY_NAME(SORT_BY_ALIGNMENT(.__static_thread_data.static.*)))
                0x08005588                        __static_thread_data_list_end = .

device_deps     0x08005588        0x0
                0x08005588                        __device_deps_start = .
 *(SORT_BY_NAME(SORT_BY_ALIGNMENT(.__device_deps_pass2*)))
                0x08005588                        __device_deps_end = .

device_api_area
                0x08005588       0x64
                0x08005588                        _gpio_driver_api_list_start = .
 *(SORT_BY_NAME(SORT_BY_ALIGNMENT(._gpio_driver_api.static.*)))
 ._gpio_driver_api.static.gpio_stm32_driver_
                0x08005588       0x24 zephyr/drivers/gpio/libdrivers__gpio.a(gpio_stm32.c.obj)
                0x08005588                gpio_stm32_driver
                0x080055ac                        _gpio_driver_api_list_end = .
                0x080055ac                        _gpio_driver_api_ext_end = .
                0x080055ac                        _reset_driver_api_list_start = .
 *(SORT_BY_NAME(SORT_BY_ALIGNMENT(._reset_driver_api.static.*)))
 ._reset_driver_api.static.reset_stm32_driver_api_
                0x080055ac       0x10 zephyr/drivers/reset/libdrivers__reset.a(reset_stm32.c.obj)
                0x080055bc                        _reset_driver_api_list_end = .
                0x080055bc                        _reset_driver_api_ext_end = .
                0x080055bc                        _shared_irq_driver_api_list_start = .
 *(SORT_BY_NAME(SORT_BY_ALIGNMENT(._shared_irq_driver_api.static.*)))
                0x080055bc                        _shared_irq_driver_api_list_end = .
                0x080055bc                        _shared_irq_driver_api_ext_end = .
                0x080055bc                        _audio_codec_driver_api_list_start = .
 *(SORT_BY_NAME(SORT_BY_ALIGNMENT(._audio_codec_driver_api.static.*)))
                0x080055bc                        _audio_codec_driver_api_list_end = .
                0x080055bc                        _audio_codec_driver_api_ext_end = .
                0x080055bc                        _dmic_driver_api_list_start = .
 *(SORT_BY_NAME(SORT_BY_ALIGNMENT(._dmic_driver_api.static.*)))
                0x080055bc                        _dmic_driver_api_list_end = .
                0x080055bc                        _dmic_driver_api_ext_end = .
                0x080055bc                        _crypto_driver_api_list_start = .
 *(SORT_BY_NAME(SORT_BY_ALIGNMENT(._crypto_driver_api.static.*)))
                0x080055bc                        _crypto_driver_api_list_end = .
                0x080055bc                        _crypto_driver_api_ext_end = .
                0x080055bc                        _adc_driver_api_list_start = .
 *(SORT_BY_NAME(SORT_BY_ALIGNMENT(._adc_driver_api.static.*)))
                0x080055bc                        _adc_driver_api_list_end = .
                0x080055bc                        _adc_driver_api_ext_end = .
                0x080055bc                        _auxdisplay_driver_api_list_start = .
 *(SORT_BY_NAME(SORT_BY_ALIGNMENT(._auxdisplay_driver_api.static.*)))
                0x080055bc                        _auxdisplay_driver_api_list_end = .
                0x080055bc                        _auxdisplay_driver_api_ext_end = .
                0x080055bc                        _bbram_driver_api_list_start = .
 *(SORT_BY_NAME(SORT_BY_ALIGNMENT(._bbram_driver_api.static.*)))
                0x080055bc                        _bbram_driver_api_list_end = .
                0x080055bc                        _bbram_driver_api_ext_end = .
                0x080055bc                        _biometric_driver_api_list_start = .
 *(SORT_BY_NAME(SORT_BY_ALIGNMENT(._biometric_driver_api.static.*)))
                0x080055bc                        _biometric_driver_api_list_end = .
                0x080055bc                        _biometric_driver_api_ext_end = .
                0x080055bc                        _bt_hci_driver_api_list_start = .
 *(SORT_BY_NAME(SORT_BY_ALIGNMENT(._bt_hci_driver_api.static.*)))
                0x080055bc                        _bt_hci_driver_api_list_end = .
                0x080055bc                        _bt_hci_driver_api_ext_end = .
                0x080055bc                        _buzzer_driver_api_list_start = .
 *(SORT_BY_NAME(SORT_BY_ALIGNMENT(._buzzer_driver_api.static.*)))
                0x080055bc                        _buzzer_driver_api_list_end = .
                0x080055bc                        _buzzer_driver_api_ext_end = .
                0x080055bc                        _can_driver_api_list_start = .
 *(SORT_BY_NAME(SORT_BY_ALIGNMENT(._can_driver_api.static.*)))
                0x080055bc                        _can_driver_api_list_end = .
                0x080055bc                        _can_driver_api_ext_end = .
                0x080055bc                        _cellular_driver_api_list_start = .
 *(SORT_BY_NAME(SORT_BY_ALIGNMENT(._cellular_driver_api.static.*)))
                0x080055bc                        _cellular_driver_api_list_end = .
                0x080055bc                        _cellular_driver_api_ext_end = .
                0x080055bc                        _charger_driver_api_list_start = .
 *(SORT_BY_NAME(SORT_BY_ALIGNMENT(._charger_driver_api.static.*)))
                0x080055bc                        _charger_driver_api_list_end = .
                0x080055bc                        _charger_driver_api_ext_end = .
                0x080055bc                        _clock_control_driver_api_list_start = .
 *(SORT_BY_NAME(SORT_BY_ALIGNMENT(._clock_control_driver_api.static.*)))
 ._clock_control_driver_api.static.stm32_clock_control_api_
                0x080055bc       0x1c zephyr/drivers/clock_control/libdrivers__clock_control.a(clock_stm32_ll_common.c.obj)
                0x080055d8                        _clock_control_driver_api_list_end = .
                0x080055d8                        _nrf_clock_control_driver_api_list_start = .
 *(SORT_BY_NAME(SORT_BY_ALIGNMENT(._nrf_clock_control_driver_api.static.*)))
                0x080055d8                        _nrf_clock_control_driver_api_list_end = .
                0x080055d8                        _nrf_clock_control_driver_api_ext_end = .
                0x080055d8                        _clock_control_driver_api_ext_end = .
                0x080055d8                        _clock_monitor_driver_api_list_start = .
 *(SORT_BY_NAME(SORT_BY_ALIGNMENT(._clock_monitor_driver_api.static.*)))
                0x080055d8                        _clock_monitor_driver_api_list_end = .
                0x080055d8                        _clock_monitor_driver_api_ext_end = .
                0x080055d8                        _comparator_driver_api_list_start = .
 *(SORT_BY_NAME(SORT_BY_ALIGNMENT(._comparator_driver_api.static.*)))
                0x080055d8                        _comparator_driver_api_list_end = .
                0x080055d8                        _comparator_driver_api_ext_end = .
                0x080055d8                        _coredump_driver_api_list_start = .
 *(SORT_BY_NAME(SORT_BY_ALIGNMENT(._coredump_driver_api.static.*)))
                0x080055d8                        _coredump_driver_api_list_end = .
                0x080055d8                        _coredump_driver_api_ext_end = .
                0x080055d8                        _counter_driver_api_list_start = .
 *(SORT_BY_NAME(SORT_BY_ALIGNMENT(._counter_driver_api.static.*)))
                0x080055d8                        _counter_driver_api_list_end = .
                0x080055d8                        _counter_driver_api_ext_end = .
                0x080055d8                        _crc_driver_api_list_start = .
 *(SORT_BY_NAME(SORT_BY_ALIGNMENT(._crc_driver_api.static.*)))
                0x080055d8                        _crc_driver_api_list_end = .
                0x080055d8                        _crc_driver_api_ext_end = .
                0x080055d8                        _dac_driver_api_list_start = .
 *(SORT_BY_NAME(SORT_BY_ALIGNMENT(._dac_driver_api.static.*)))
                0x080055d8                        _dac_driver_api_list_end = .
                0x080055d8                        _dac_driver_api_ext_end = .
                0x080055d8                        _dai_driver_api_list_start = .
 *(SORT_BY_NAME(SORT_BY_ALIGNMENT(._dai_driver_api.static.*)))
                0x080055d8                        _dai_driver_api_list_end = .
                0x080055d8                        _dai_driver_api_ext_end = .
                0x080055d8                        _dali_driver_api_list_start = .
 *(SORT_BY_NAME(SORT_BY_ALIGNMENT(._dali_driver_api.static.*)))
                0x080055d8                        _dali_driver_api_list_end = .
                0x080055d8                        _dali_driver_api_ext_end = .
                0x080055d8                        _display_driver_api_list_start = .
 *(SORT_BY_NAME(SORT_BY_ALIGNMENT(._display_driver_api.static.*)))
                0x080055d8                        _display_driver_api_list_end = .
                0x080055d8                        _display_driver_api_ext_end = .
                0x080055d8                        _dma_driver_api_list_start = .
 *(SORT_BY_NAME(SORT_BY_ALIGNMENT(._dma_driver_api.static.*)))
                0x080055d8                        _dma_driver_api_list_end = .
                0x080055d8                        _dma_driver_api_ext_end = .
                0x080055d8                        _edac_driver_api_list_start = .
 *(SORT_BY_NAME(SORT_BY_ALIGNMENT(._edac_driver_api.static.*)))
                0x080055d8                        _edac_driver_api_list_end = .
                0x080055d8                        _edac_driver_api_ext_end = .
                0x080055d8                        _eeprom_driver_api_list_start = .
 *(SORT_BY_NAME(SORT_BY_ALIGNMENT(._eeprom_driver_api.static.*)))
                0x080055d8                        _eeprom_driver_api_list_end = .
                0x080055d8                        _eeprom_driver_api_ext_end = .
                0x080055d8                        _emul_bbram_driver_api_list_start = .
 *(SORT_BY_NAME(SORT_BY_ALIGNMENT(._emul_bbram_driver_api.static.*)))
                0x080055d8                        _emul_bbram_driver_api_list_end = .
                0x080055d8                        _emul_bbram_driver_api_ext_end = .
                0x080055d8                        _fuel_gauge_emul_driver_api_list_start = .
 *(SORT_BY_NAME(SORT_BY_ALIGNMENT(._fuel_gauge_emul_driver_api.static.*)))
                0x080055d8                        _fuel_gauge_emul_driver_api_list_end = .
                0x080055d8                        _fuel_gauge_emul_driver_api_ext_end = .
                0x080055d8                        _emul_sensor_driver_api_list_start = .
 *(SORT_BY_NAME(SORT_BY_ALIGNMENT(._emul_sensor_driver_api.static.*)))
                0x080055d8                        _emul_sensor_driver_api_list_end = .
                0x080055d8                        _emul_sensor_driver_api_ext_end = .
                0x080055d8                        _entropy_driver_api_list_start = .
 *(SORT_BY_NAME(SORT_BY_ALIGNMENT(._entropy_driver_api.static.*)))
                0x080055d8                        _entropy_driver_api_list_end = .
                0x080055d8                        _entropy_driver_api_ext_end = .
                0x080055d8                        _espi_driver_api_list_start = .
 *(SORT_BY_NAME(SORT_BY_ALIGNMENT(._espi_driver_api.static.*)))
                0x080055d8                        _espi_driver_api_list_end = .
                0x080055d8                        _emul_espi_driver_api_list_start = .
 *(SORT_BY_NAME(SORT_BY_ALIGNMENT(._emul_espi_driver_api.static.*)))
                0x080055d8                        _emul_espi_driver_api_list_end = .
                0x080055d8                        _emul_espi_driver_api_ext_end = .
                0x080055d8                        _espi_driver_api_ext_end = .
                0x080055d8                        _espi_saf_driver_api_list_start = .
 *(SORT_BY_NAME(SORT_BY_ALIGNMENT(._espi_saf_driver_api.static.*)))
                0x080055d8                        _espi_saf_driver_api_list_end = .
                0x080055d8                        _espi_saf_driver_api_ext_end = .
                0x080055d8                        _flash_driver_api_list_start = .
 *(SORT_BY_NAME(SORT_BY_ALIGNMENT(._flash_driver_api.static.*)))
                0x080055d8                        _flash_driver_api_list_end = .
                0x080055d8                        _flash_driver_api_ext_end = .
                0x080055d8                        _fpga_driver_api_list_start = .
 *(SORT_BY_NAME(SORT_BY_ALIGNMENT(._fpga_driver_api.static.*)))
                0x080055d8                        _fpga_driver_api_list_end = .
                0x080055d8                        _fpga_driver_api_ext_end = .
                0x080055d8                        _fuel_gauge_driver_api_list_start = .
 *(SORT_BY_NAME(SORT_BY_ALIGNMENT(._fuel_gauge_driver_api.static.*)))
                0x080055d8                        _fuel_gauge_driver_api_list_end = .
                0x080055d8                        _fuel_gauge_driver_api_ext_end = .
                0x080055d8                        _gnss_driver_api_list_start = .
 *(SORT_BY_NAME(SORT_BY_ALIGNMENT(._gnss_driver_api.static.*)))
                0x080055d8                        _gnss_driver_api_list_end = .
                0x080055d8                        _gnss_driver_api_ext_end = .
                0x080055d8                        _haptics_driver_api_list_start = .
 *(SORT_BY_NAME(SORT_BY_ALIGNMENT(._haptics_driver_api.static.*)))
                0x080055d8                        _haptics_driver_api_list_end = .
                0x080055d8                        _haptics_driver_api_ext_end = .
                0x080055d8                        _hwspinlock_driver_api_list_start = .
 *(SORT_BY_NAME(SORT_BY_ALIGNMENT(._hwspinlock_driver_api.static.*)))
                0x080055d8                        _hwspinlock_driver_api_list_end = .
                0x080055d8                        _hwspinlock_driver_api_ext_end = .
                0x080055d8                        _i2c_driver_api_list_start = .
 *(SORT_BY_NAME(SORT_BY_ALIGNMENT(._i2c_driver_api.static.*)))
                0x080055d8                        _i2c_driver_api_list_end = .
                0x080055d8                        _i3c_driver_api_list_start = .
 *(SORT_BY_NAME(SORT_BY_ALIGNMENT(._i3c_driver_api.static.*)))
                0x080055d8                        _i3c_driver_api_list_end = .
                0x080055d8                        _i3c_driver_api_ext_end = .
                0x080055d8                        _i2c_driver_api_ext_end = .
                0x080055d8                        _i2c_target_driver_api_list_start = .
 *(SORT_BY_NAME(SORT_BY_ALIGNMENT(._i2c_target_driver_api.static.*)))
                0x080055d8                        _i2c_target_driver_api_list_end = .
                0x080055d8                        _i2c_target_driver_api_ext_end = .
                0x080055d8                        _i2s_driver_api_list_start = .
 *(SORT_BY_NAME(SORT_BY_ALIGNMENT(._i2s_driver_api.static.*)))
                0x080055d8                        _i2s_driver_api_list_end = .
                0x080055d8                        _i2s_driver_api_ext_end = .
                0x080055d8                        _ipm_driver_api_list_start = .
 *(SORT_BY_NAME(SORT_BY_ALIGNMENT(._ipm_driver_api.static.*)))
                0x080055d8                        _ipm_driver_api_list_end = .
                0x080055d8                        _ipm_driver_api_ext_end = .
                0x080055d8                        _led_driver_api_list_start = .
 *(SORT_BY_NAME(SORT_BY_ALIGNMENT(._led_driver_api.static.*)))
                0x080055d8                        _led_driver_api_list_end = .
                0x080055d8                        _led_driver_api_ext_end = .
                0x080055d8                        _led_strip_driver_api_list_start = .
 *(SORT_BY_NAME(SORT_BY_ALIGNMENT(._led_strip_driver_api.static.*)))
                0x080055d8                        _led_strip_driver_api_list_end = .
                0x080055d8                        _led_strip_driver_api_ext_end = .
                0x080055d8                        _lora_driver_api_list_start = .
 *(SORT_BY_NAME(SORT_BY_ALIGNMENT(._lora_driver_api.static.*)))
                0x080055d8                        _lora_driver_api_list_end = .
                0x080055d8                        _lora_driver_api_ext_end = .
                0x080055d8                        _mbox_driver_api_list_start = .
 *(SORT_BY_NAME(SORT_BY_ALIGNMENT(._mbox_driver_api.static.*)))
                0x080055d8                        _mbox_driver_api_list_end = .
                0x080055d8                        _mbox_driver_api_ext_end = .
                0x080055d8                        _mdio_driver_api_list_start = .
 *(SORT_BY_NAME(SORT_BY_ALIGNMENT(._mdio_driver_api.static.*)))
                0x080055d8                        _mdio_driver_api_list_end = .
                0x080055d8                        _mdio_driver_api_ext_end = .
                0x080055d8                        _memc_driver_api_list_start = .
 *(SORT_BY_NAME(SORT_BY_ALIGNMENT(._memc_driver_api.static.*)))
                0x080055d8                        _memc_driver_api_list_end = .
                0x080055d8                        _memc_driver_api_ext_end = .
                0x080055d8                        _mipi_dbi_driver_api_list_start = .
 *(SORT_BY_NAME(SORT_BY_ALIGNMENT(._mipi_dbi_driver_api.static.*)))
                0x080055d8                        _mipi_dbi_driver_api_list_end = .
                0x080055d8                        _mipi_dbi_driver_api_ext_end = .
                0x080055d8                        _mipi_dsi_driver_api_list_start = .
 *(SORT_BY_NAME(SORT_BY_ALIGNMENT(._mipi_dsi_driver_api.static.*)))
                0x080055d8                        _mipi_dsi_driver_api_list_end = .
                0x080055d8                        _mipi_dsi_driver_api_ext_end = .
                0x080055d8                        _mspi_driver_api_list_start = .
 *(SORT_BY_NAME(SORT_BY_ALIGNMENT(._mspi_driver_api.static.*)))
                0x080055d8                        _mspi_driver_api_list_end = .
                0x080055d8                        _emul_mspi_driver_api_list_start = .
 *(SORT_BY_NAME(SORT_BY_ALIGNMENT(._emul_mspi_driver_api.static.*)))
                0x080055d8                        _emul_mspi_driver_api_list_end = .
                0x080055d8                        _emul_mspi_driver_api_ext_end = .
                0x080055d8                        _mspi_driver_api_ext_end = .
                0x080055d8                        _mux_control_driver_api_list_start = .
 *(SORT_BY_NAME(SORT_BY_ALIGNMENT(._mux_control_driver_api.static.*)))
                0x080055d8                        _mux_control_driver_api_list_end = .
                0x080055d8                        _mux_control_driver_api_ext_end = .
                0x080055d8                        _opamp_driver_api_list_start = .
 *(SORT_BY_NAME(SORT_BY_ALIGNMENT(._opamp_driver_api.static.*)))
                0x080055d8                        _opamp_driver_api_list_end = .
                0x080055d8                        _opamp_driver_api_ext_end = .
                0x080055d8                        _otp_driver_api_list_start = .
 *(SORT_BY_NAME(SORT_BY_ALIGNMENT(._otp_driver_api.static.*)))
                0x080055d8                        _otp_driver_api_list_end = .
                0x080055d8                        _otp_driver_api_ext_end = .
                0x080055d8                        _peci_driver_api_list_start = .
 *(SORT_BY_NAME(SORT_BY_ALIGNMENT(._peci_driver_api.static.*)))
                0x080055d8                        _peci_driver_api_list_end = .
                0x080055d8                        _peci_driver_api_ext_end = .
                0x080055d8                        _ps2_driver_api_list_start = .
 *(SORT_BY_NAME(SORT_BY_ALIGNMENT(._ps2_driver_api.static.*)))
                0x080055d8                        _ps2_driver_api_list_end = .
                0x080055d8                        _ps2_driver_api_ext_end = .
                0x080055d8                        _ptp_clock_driver_api_list_start = .
 *(SORT_BY_NAME(SORT_BY_ALIGNMENT(._ptp_clock_driver_api.static.*)))
                0x080055d8                        _ptp_clock_driver_api_list_end = .
                0x080055d8                        _ptp_clock_driver_api_ext_end = .
                0x080055d8                        _pwm_driver_api_list_start = .
 *(SORT_BY_NAME(SORT_BY_ALIGNMENT(._pwm_driver_api.static.*)))
                0x080055d8                        _pwm_driver_api_list_end = .
                0x080055d8                        _pwm_driver_api_ext_end = .
                0x080055d8                        _regulator_parent_driver_api_list_start = .
 *(SORT_BY_NAME(SORT_BY_ALIGNMENT(._regulator_parent_driver_api.static.*)))
                0x080055d8                        _regulator_parent_driver_api_list_end = .
                0x080055d8                        _regulator_parent_driver_api_ext_end = .
                0x080055d8                        _regulator_driver_api_list_start = .
 *(SORT_BY_NAME(SORT_BY_ALIGNMENT(._regulator_driver_api.static.*)))
                0x080055d8                        _regulator_driver_api_list_end = .
                0x080055d8                        _regulator_driver_api_ext_end = .
                0x080055d8                        _retained_mem_driver_api_list_start = .
 *(SORT_BY_NAME(SORT_BY_ALIGNMENT(._retained_mem_driver_api.static.*)))
                0x080055d8                        _retained_mem_driver_api_list_end = .
                0x080055d8                        _retained_mem_driver_api_ext_end = .
                0x080055d8                        _rtc_driver_api_list_start = .
 *(SORT_BY_NAME(SORT_BY_ALIGNMENT(._rtc_driver_api.static.*)))
                0x080055d8                        _rtc_driver_api_list_end = .
                0x080055d8                        _rtc_driver_api_ext_end = .
                0x080055d8                        _sdhc_driver_api_list_start = .
 *(SORT_BY_NAME(SORT_BY_ALIGNMENT(._sdhc_driver_api.static.*)))
                0x080055d8                        _sdhc_driver_api_list_end = .
                0x080055d8                        _sdhc_driver_api_ext_end = .
                0x080055d8                        _sensor_driver_api_list_start = .
 *(SORT_BY_NAME(SORT_BY_ALIGNMENT(._sensor_driver_api.static.*)))
                0x080055d8                        _sensor_driver_api_list_end = .
                0x080055d8                        _sensor_driver_api_ext_end = .
                0x080055d8                        _smbus_driver_api_list_start = .
 *(SORT_BY_NAME(SORT_BY_ALIGNMENT(._smbus_driver_api.static.*)))
                0x080055d8                        _smbus_driver_api_list_end = .
                0x080055d8                        _smbus_driver_api_ext_end = .
                0x080055d8                        _spi_driver_api_list_start = .
 *(SORT_BY_NAME(SORT_BY_ALIGNMENT(._spi_driver_api.static.*)))
                0x080055d8                        _spi_driver_api_list_end = .
                0x080055d8                        _spi_driver_api_ext_end = .
                0x080055d8                        _syscon_driver_api_list_start = .
 *(SORT_BY_NAME(SORT_BY_ALIGNMENT(._syscon_driver_api.static.*)))
                0x080055d8                        _syscon_driver_api_list_end = .
                0x080055d8                        _syscon_driver_api_ext_end = .
                0x080055d8                        _tee_driver_api_list_start = .
 *(SORT_BY_NAME(SORT_BY_ALIGNMENT(._tee_driver_api.static.*)))
                0x080055d8                        _tee_driver_api_list_end = .
                0x080055d8                        _tee_driver_api_ext_end = .
                0x080055d8                        _tgpio_driver_api_list_start = .
 *(SORT_BY_NAME(SORT_BY_ALIGNMENT(._tgpio_driver_api.static.*)))
                0x080055d8                        _tgpio_driver_api_list_end = .
                0x080055d8                        _tgpio_driver_api_ext_end = .
                0x080055d8                        _uaol_driver_api_list_start = .
 *(SORT_BY_NAME(SORT_BY_ALIGNMENT(._uaol_driver_api.static.*)))
                0x080055d8                        _uaol_driver_api_list_end = .
                0x080055d8                        _uaol_driver_api_ext_end = .
                0x080055d8                        _video_driver_api_list_start = .
 *(SORT_BY_NAME(SORT_BY_ALIGNMENT(._video_driver_api.static.*)))
                0x080055d8                        _video_driver_api_list_end = .
                0x080055d8                        _video_driver_api_ext_end = .
                0x080055d8                        _virtio_driver_api_list_start = .
 *(SORT_BY_NAME(SORT_BY_ALIGNMENT(._virtio_driver_api.static.*)))
                0x080055d8                        _virtio_driver_api_list_end = .
                0x080055d8                        _virtio_driver_api_ext_end = .
                0x080055d8                        _w1_driver_api_list_start = .
 *(SORT_BY_NAME(SORT_BY_ALIGNMENT(._w1_driver_api.static.*)))
                0x080055d8                        _w1_driver_api_list_end = .
                0x080055d8                        _w1_driver_api_ext_end = .
                0x080055d8                        _wdt_driver_api_list_start = .
 *(SORT_BY_NAME(SORT_BY_ALIGNMENT(._wdt_driver_api.static.*)))
                0x080055d8                        _wdt_driver_api_list_end = .
                0x080055d8                        _wdt_driver_api_ext_end = .
                0x080055d8                        _wuc_driver_api_list_start = .
 *(SORT_BY_NAME(SORT_BY_ALIGNMENT(._wuc_driver_api.static.*)))
                0x080055d8                        _wuc_driver_api_list_end = .
                0x080055d8                        _wuc_driver_api_ext_end = .
                0x080055d8                        _can_transceiver_driver_api_list_start = .
 *(SORT_BY_NAME(SORT_BY_ALIGNMENT(._can_transceiver_driver_api.static.*)))
                0x080055d8                        _can_transceiver_driver_api_list_end = .
                0x080055d8                        _can_transceiver_driver_api_ext_end = .
                0x080055d8                        _i3c_target_driver_api_list_start = .
 *(SORT_BY_NAME(SORT_BY_ALIGNMENT(._i3c_target_driver_api.static.*)))
                0x080055d8                        _i3c_target_driver_api_list_end = .
                0x080055d8                        _i3c_target_driver_api_ext_end = .
                0x080055d8                        _its_driver_api_list_start = .
 *(SORT_BY_NAME(SORT_BY_ALIGNMENT(._its_driver_api.static.*)))
                0x080055d8                        _its_driver_api_list_end = .
                0x080055d8                        _its_driver_api_ext_end = .
                0x080055d8                        _vtd_driver_api_list_start = .
 *(SORT_BY_NAME(SORT_BY_ALIGNMENT(._vtd_driver_api.static.*)))
                0x080055d8                        _vtd_driver_api_list_end = .
                0x080055d8                        _vtd_driver_api_ext_end = .
                0x080055d8                        _renesas_elc_driver_api_list_start = .
 *(SORT_BY_NAME(SORT_BY_ALIGNMENT(._renesas_elc_driver_api.static.*)))
                0x080055d8                        _renesas_elc_driver_api_list_end = .
                0x080055d8                        _renesas_elc_driver_api_ext_end = .
                0x080055d8                        _pcie_ctrl_driver_api_list_start = .
 *(SORT_BY_NAME(SORT_BY_ALIGNMENT(._pcie_ctrl_driver_api.static.*)))
                0x080055d8                        _pcie_ctrl_driver_api_list_end = .
                0x080055d8                        _pcie_ctrl_driver_api_ext_end = .
                0x080055d8                        _pcie_ep_driver_api_list_start = .
 *(SORT_BY_NAME(SORT_BY_ALIGNMENT(._pcie_ep_driver_api.static.*)))
                0x080055d8                        _pcie_ep_driver_api_list_end = .
                0x080055d8                        _pcie_ep_driver_api_ext_end = .
                0x080055d8                        _psi5_driver_api_list_start = .
 *(SORT_BY_NAME(SORT_BY_ALIGNMENT(._psi5_driver_api.static.*)))
                0x080055d8                        _psi5_driver_api_list_end = .
                0x080055d8                        _psi5_driver_api_ext_end = .
                0x080055d8                        _sent_driver_api_list_start = .
 *(SORT_BY_NAME(SORT_BY_ALIGNMENT(._sent_driver_api.static.*)))
                0x080055d8                        _sent_driver_api_list_end = .
                0x080055d8                        _sent_driver_api_ext_end = .
                0x080055d8                        _svc_driver_api_list_start = .
 *(SORT_BY_NAME(SORT_BY_ALIGNMENT(._svc_driver_api.static.*)))
                0x080055d8                        _svc_driver_api_list_end = .
                0x080055d8                        _svc_driver_api_ext_end = .
                0x080055d8                        _stepper_driver_api_list_start = .
 *(SORT_BY_NAME(SORT_BY_ALIGNMENT(._stepper_driver_api.static.*)))
                0x080055d8                        _stepper_driver_api_list_end = .
                0x080055d8                        _stepper_driver_api_ext_end = .
                0x080055d8                        _stepper_ctrl_driver_api_list_start = .
 *(SORT_BY_NAME(SORT_BY_ALIGNMENT(._stepper_ctrl_driver_api.static.*)))
                0x080055d8                        _stepper_ctrl_driver_api_list_end = .
                0x080055d8                        _stepper_ctrl_driver_api_ext_end = .
                0x080055d8                        _uart_driver_api_list_start = .
 *(SORT_BY_NAME(SORT_BY_ALIGNMENT(._uart_driver_api.static.*)))
 ._uart_driver_api.static.uart_stm32_driver_api_
                0x080055d8       0x14 zephyr/drivers/serial/libdrivers__serial.a(uart_stm32.c.obj)
                0x080055ec                        _uart_driver_api_list_end = .
                0x080055ec                        _uart_driver_api_ext_end = .
                0x080055ec                        _bc12_emul_driver_api_list_start = .
 *(SORT_BY_NAME(SORT_BY_ALIGNMENT(._bc12_emul_driver_api.static.*)))
                0x080055ec                        _bc12_emul_driver_api_list_end = .
                0x080055ec                        _bc12_emul_driver_api_ext_end = .
                0x080055ec                        _uhc_driver_api_list_start = .
 *(SORT_BY_NAME(SORT_BY_ALIGNMENT(._uhc_driver_api.static.*)))
                0x080055ec                        _uhc_driver_api_list_end = .
                0x080055ec                        _uhc_driver_api_ext_end = .
                0x080055ec                        _bc12_driver_api_list_start = .
 *(SORT_BY_NAME(SORT_BY_ALIGNMENT(._bc12_driver_api.static.*)))
                0x080055ec                        _bc12_driver_api_list_end = .
                0x080055ec                        _bc12_driver_api_ext_end = .
                0x080055ec                        _usbc_ppc_driver_api_list_start = .
 *(SORT_BY_NAME(SORT_BY_ALIGNMENT(._usbc_ppc_driver_api.static.*)))
                0x080055ec                        _usbc_ppc_driver_api_list_end = .
                0x080055ec                        _usbc_ppc_driver_api_ext_end = .
                0x080055ec                        _tcpc_driver_api_list_start = .
 *(SORT_BY_NAME(SORT_BY_ALIGNMENT(._tcpc_driver_api.static.*)))
                0x080055ec                        _tcpc_driver_api_list_end = .
                0x080055ec                        _tcpc_driver_api_ext_end = .
                0x080055ec                        _usbc_vbus_driver_api_list_start = .
 *(SORT_BY_NAME(SORT_BY_ALIGNMENT(._usbc_vbus_driver_api.static.*)))
                0x080055ec                        _usbc_vbus_driver_api_list_end = .
                0x080055ec                        _usbc_vbus_driver_api_ext_end = .
                0x080055ec                        _ivshmem_driver_api_list_start = .
 *(SORT_BY_NAME(SORT_BY_ALIGNMENT(._ivshmem_driver_api.static.*)))
                0x080055ec                        _ivshmem_driver_api_list_end = .
                0x080055ec                        _ivshmem_driver_api_ext_end = .
                0x080055ec                        _ethphy_driver_api_list_start = .
 *(SORT_BY_NAME(SORT_BY_ALIGNMENT(._ethphy_driver_api.static.*)))
                0x080055ec                        _ethphy_driver_api_list_end = .
                0x080055ec                        _ethphy_driver_api_ext_end = .

ztest           0x080055ec        0x0
                0x080055ec                        _ztest_expected_result_entry_list_start = .
 *(SORT_BY_NAME(SORT_BY_ALIGNMENT(._ztest_expected_result_entry.static.*)))
                0x080055ec                        _ztest_expected_result_entry_list_end = .
                0x080055ec                        _ztest_suite_node_list_start = .
 *(SORT_BY_NAME(SORT_BY_ALIGNMENT(._ztest_suite_node.static.*)))
                0x080055ec                        _ztest_suite_node_list_end = .
                0x080055ec                        _ztest_unit_test_list_start = .
 *(SORT_BY_NAME(SORT_BY_ALIGNMENT(._ztest_unit_test.static.*)))
                0x080055ec                        _ztest_unit_test_list_end = .
                0x080055ec                        _ztest_param_inst_list_start = .
 *(SORT_BY_NAME(SORT_BY_ALIGNMENT(._ztest_param_inst.static.*)))
                0x080055ec                        _ztest_param_inst_list_end = .
                0x080055ec                        _ztest_test_rule_list_start = .
 *(SORT_BY_NAME(SORT_BY_ALIGNMENT(._ztest_test_rule.static.*)))
                0x080055ec                        _ztest_test_rule_list_end = .

init_array      0x080055ec        0x0
                0x080055ec                        __zephyr_init_array_start = .
 *(SORT_BY_INIT_PRIORITY(.init_array.*) SORT_BY_INIT_PRIORITY(.ctors.*))
 *(SORT_BY_ALIGNMENT(.init_array) SORT_BY_ALIGNMENT(.ctors))
                0x080055ec                        __zephyr_init_array_end = .
                0x00000001                        ASSERT ((__zephyr_init_array_start == __zephyr_init_array_end), GNU-style constructors required but STATIC_INIT_GNU not enabled)

bt_l2cap_fixed_chan_area
                0x080055ec        0x0
                0x080055ec                        _bt_l2cap_fixed_chan_list_start = .
 *(SORT_BY_NAME(SORT_BY_ALIGNMENT(._bt_l2cap_fixed_chan.static.*)))
                0x080055ec                        _bt_l2cap_fixed_chan_list_end = .

bt_gatt_service_static_area
                0x080055ec        0x0
                0x080055ec                        _bt_gatt_service_static_list_start = .
 *(SORT_BY_NAME(SORT_BY_ALIGNMENT(._bt_gatt_service_static.static.*)))
                0x080055ec                        _bt_gatt_service_static_list_end = .

log_strings_area
                0x080055ec        0x0
                0x080055ec                        _log_strings_list_start = .
 *(SORT_BY_NAME(SORT_BY_ALIGNMENT(._log_strings.static.*)))
                0x080055ec                        _log_strings_list_end = .

log_stmesp_ptr_area
                0x080055ec        0x0
                0x080055ec                        _log_stmesp_ptr_list_start = .
 *(SORT_BY_NAME(SORT_BY_ALIGNMENT(._log_stmesp_ptr.static.*)))
                0x080055ec                        _log_stmesp_ptr_list_end = .

log_stmesp_str_area
                0x080055ec        0x0
                0x080055ec                        _log_stmesp_str_list_start = .
 *(SORT_BY_NAME(SORT_BY_ALIGNMENT(._log_stmesp_str.static.*)))
                0x080055ec                        _log_stmesp_str_list_end = .

log_const_area  0x080055ec       0x68
                0x080055ec                        _log_const_list_start = .
 *(SORT_BY_NAME(SORT_BY_ALIGNMENT(._log_const.static.*)))
 ._log_const.static.log_const_cbprintf_package_
                0x080055ec        0x8 zephyr/libzephyr.a(cbprintf_packaged.c.obj)
                0x080055ec                log_const_cbprintf_package
 ._log_const.static.log_const_exti_stm32_
                0x080055f4        0x8 zephyr/drivers/interrupt_controller/libdrivers__interrupt_controller.a(intc_exti_stm32.c.obj)
                0x080055f4                log_const_exti_stm32
 ._log_const.static.log_const_log_
                0x080055fc        0x8 zephyr/libzephyr.a(log_core.c.obj)
                0x080055fc                log_const_log
 ._log_const.static.log_const_log_mgmt_
                0x08005604        0x8 zephyr/libzephyr.a(log_mgmt.c.obj)
                0x08005604                log_const_log_mgmt
 ._log_const.static.log_const_log_uart_
                0x0800560c        0x8 zephyr/libzephyr.a(log_backend_uart.c.obj)
                0x0800560c                log_const_log_uart
 ._log_const.static.log_const_main_
                0x08005614        0x8 app/libapp.a(main.cpp.obj)
                0x08005614                log_const_main
 ._log_const.static.log_const_os_
                0x0800561c        0x8 zephyr/kernel/libkernel.a(init.c.obj)
                0x0800561c                log_const_os
 ._log_const.static.log_const_os_heap_
                0x08005624        0x8 zephyr/libzephyr.a(heap.c.obj)
                0x08005624                log_const_os_heap
 ._log_const.static.log_const_stm32_
                0x0800562c        0x8 zephyr/drivers/gpio/libdrivers__gpio.a(gpio_stm32.c.obj)
                0x0800562c                log_const_stm32
 ._log_const.static.log_const_stm32_backup_domain_
                0x08005634        0x8 zephyr/libzephyr.a(stm32_backup_domain.c.obj)
                0x08005634                log_const_stm32_backup_domain
 ._log_const.static.log_const_stm32_gpioport_mgr_
                0x0800563c        0x8 zephyr/libzephyr.a(gpioport_mgr.c.obj)
                0x0800563c                log_const_stm32_gpioport_mgr
 ._log_const.static.log_const_sys_getopt_
                0x08005644        0x8 zephyr/libzephyr.a(getopt.c.obj)
                0x08005644                log_const_sys_getopt
 ._log_const.static.log_const_uart_stm32_
                0x0800564c        0x8 zephyr/drivers/serial/libdrivers__serial.a(uart_stm32.c.obj)
                0x0800564c                log_const_uart_stm32
                0x08005654                        _log_const_list_end = .

log_backend_area
                0x08005654       0x10
                0x08005654                        _log_backend_list_start = .
 *(SORT_BY_NAME(SORT_BY_ALIGNMENT(._log_backend.static.*)))
 ._log_backend.static.log_backend_uart_